Archive member included to satisfy reference by file (symbol)

/usr/lib/gcc/arm-none-eabi/6.3.1/libgcc.a(_udivsi3.o)
                              build/lv_refr.o (__aeabi_uidiv)
/usr/lib/gcc/arm-none-eabi/6.3.1/libgcc.a(_divsi3.o)
                              build/lv_indev.o (__aeabi_idiv)
/usr/lib/gcc/arm-none-eabi/6.3.1/libgcc.a(_dvmd_tls.o)
                              /usr/lib/gcc/arm-none-eabi/6.3.1/libgcc.a(_udivsi3.o) (__aeabi_idiv0)
/usr/lib/gcc/arm-none-eabi/6.3.1/libgcc.a(_arm_addsubdf3.o)
                              build/printf.o (__aeabi_dsub)
/usr/lib/gcc/arm-none-eabi/6.3.1/libgcc.a(_arm_muldivdf3.o)
                              build/printf.o (__aeabi_dmul)
/usr/lib/gcc/arm-none-eabi/6.3.1/libgcc.a(_arm_cmpdf2.o)
                              build/printf.o (__aeabi_dcmpeq)
/usr/lib/gcc/arm-none-eabi/6.3.1/libgcc.a(_arm_fixdfsi.o)
                              build/printf.o (__aeabi_d2iz)
/usr/lib/gcc/arm-none-eabi/6.3.1/libgcc.a(_arm_fixunsdfsi.o)
                              build/printf.o (__aeabi_d2uiz)
/usr/lib/gcc/arm-none-eabi/6.3.1/libgcc.a(_aeabi_uldivmod.o)
                              build/lv_printf.o (__aeabi_uldivmod)
/usr/lib/gcc/arm-none-eabi/6.3.1/libgcc.a(_udivmoddi4.o)
                              /usr/lib/gcc/arm-none-eabi/6.3.1/libgcc.a(_aeabi_uldivmod.o) (__udivmoddi4)
/usr/lib/gcc/arm-none-eabi/6.3.1/libgcc.a(_clzdi2.o)
                              /usr/lib/gcc/arm-none-eabi/6.3.1/libgcc.a(_udivmoddi4.o) (__clzdi2)
/usr/lib/gcc/arm-none-eabi/6.3.1/libgcc.a(_clzsi2.o)
                              /usr/lib/gcc/arm-none-eabi/6.3.1/libgcc.a(_clzdi2.o) (__clzsi2)
/usr/lib/gcc/arm-none-eabi/6.3.1/../../../arm-none-eabi/lib/libc_nano.a(lib_a-memcmp.o)
                              build/lv_obj.o (memcmp)
/usr/lib/gcc/arm-none-eabi/6.3.1/../../../arm-none-eabi/lib/libc_nano.a(lib_a-memcpy-stub.o)
                              build/lv_hal_disp.o (memcpy)
/usr/lib/gcc/arm-none-eabi/6.3.1/../../../arm-none-eabi/lib/libc_nano.a(lib_a-memset.o)
                              build/main.o (memset)
/usr/lib/gcc/arm-none-eabi/6.3.1/../../../arm-none-eabi/lib/libc_nano.a(lib_a-printf.o)
                              build/exception.o (printf)
/usr/lib/gcc/arm-none-eabi/6.3.1/../../../arm-none-eabi/lib/libc_nano.a(lib_a-reent.o)
                              build/syscalls.o (errno)
/usr/lib/gcc/arm-none-eabi/6.3.1/../../../arm-none-eabi/lib/libc_nano.a(lib_a-sscanf.o)
                              build/main.o (sscanf)
/usr/lib/gcc/arm-none-eabi/6.3.1/../../../arm-none-eabi/lib/libc_nano.a(lib_a-stdio.o)
                              /usr/lib/gcc/arm-none-eabi/6.3.1/../../../arm-none-eabi/lib/libc_nano.a(lib_a-sscanf.o) (__seofread)
/usr/lib/gcc/arm-none-eabi/6.3.1/../../../arm-none-eabi/lib/libc_nano.a(lib_a-strcat.o)
                              build/lv_dropdown.o (strcat)
/usr/lib/gcc/arm-none-eabi/6.3.1/../../../arm-none-eabi/lib/libc_nano.a(lib_a-strcmp.o)
                              build/lv_obj.o (strcmp)
/usr/lib/gcc/arm-none-eabi/6.3.1/../../../arm-none-eabi/lib/libc_nano.a(lib_a-strcpy.o)
                              build/lv_dropdown.o (strcpy)
/usr/lib/gcc/arm-none-eabi/6.3.1/../../../arm-none-eabi/lib/libc_nano.a(lib_a-strlen-stub.o)
                              build/main.o (strlen)
/usr/lib/gcc/arm-none-eabi/6.3.1/../../../arm-none-eabi/lib/libc_nano.a(lib_a-strncpy.o)
                              build/lv_chart.o (strncpy)
/usr/lib/gcc/arm-none-eabi/6.3.1/../../../arm-none-eabi/lib/libc_nano.a(lib_a-writer.o)
                              /usr/lib/gcc/arm-none-eabi/6.3.1/../../../arm-none-eabi/lib/libc_nano.a(lib_a-stdio.o) (_write_r)
/usr/lib/gcc/arm-none-eabi/6.3.1/../../../arm-none-eabi/lib/libc_nano.a(lib_a-closer.o)
                              /usr/lib/gcc/arm-none-eabi/6.3.1/../../../arm-none-eabi/lib/libc_nano.a(lib_a-stdio.o) (_close_r)
/usr/lib/gcc/arm-none-eabi/6.3.1/../../../arm-none-eabi/lib/libc_nano.a(lib_a-findfp.o)
                              /usr/lib/gcc/arm-none-eabi/6.3.1/../../../arm-none-eabi/lib/libc_nano.a(lib_a-printf.o) (__sinit)
/usr/lib/gcc/arm-none-eabi/6.3.1/../../../arm-none-eabi/lib/libc_nano.a(lib_a-fwalk.o)
                              /usr/lib/gcc/arm-none-eabi/6.3.1/../../../arm-none-eabi/lib/libc_nano.a(lib_a-findfp.o) (_fwalk)
/usr/lib/gcc/arm-none-eabi/6.3.1/../../../arm-none-eabi/lib/libc_nano.a(lib_a-impure.o)
                              /usr/lib/gcc/arm-none-eabi/6.3.1/../../../arm-none-eabi/lib/libc_nano.a(lib_a-findfp.o) (_global_impure_ptr)
/usr/lib/gcc/arm-none-eabi/6.3.1/../../../arm-none-eabi/lib/libc_nano.a(lib_a-lseekr.o)
                              /usr/lib/gcc/arm-none-eabi/6.3.1/../../../arm-none-eabi/lib/libc_nano.a(lib_a-stdio.o) (_lseek_r)
/usr/lib/gcc/arm-none-eabi/6.3.1/../../../arm-none-eabi/lib/libc_nano.a(lib_a-nano-freer.o)
                              /usr/lib/gcc/arm-none-eabi/6.3.1/../../../arm-none-eabi/lib/libc_nano.a(lib_a-reent.o) (_free_r)
[...]
Memory Configuration

Name             Origin             Length             Attributes
ram              0x0000000080000000 0x0000000001ffc000
mmu              0x0000000081ffc000 0x0000000000004000
*default*        0x0000000000000000 0xffffffffffffffff

Linker script and memory map

LOAD build/system.o
LOAD build/exception.o
LOAD build/main.o
LOAD build/display.o
LOAD build/lv_demo_widgets.o
LOAD build/lv_font_simsun_12.o
LOAD build/lv_font_arial_12.o
LOAD build/events_init.o
LOAD build/setup_scr_screen2.o
LOAD build/gui_guider.o
LOAD build/setup_scr_screen.o
LOAD build/custom.o
LOAD build/lv_group.o
LOAD build/lv_indev.o
LOAD build/lv_disp.o
LOAD build/lv_obj.o
LOAD build/lv_refr.o
LOAD build/lv_style.o
LOAD build/lv_hal_disp.o
LOAD build/lv_hal_indev.o
LOAD build/lv_hal_tick.o
LOAD build/lv_arc.o
LOAD build/lv_anim_img.o
LOAD build/lv_bar.o
LOAD build/lv_checkbox.o
LOAD build/lv_cpicker.o
LOAD build/lv_dropdown.o
LOAD build/lv_keyboard.o
LOAD build/lv_line.o
LOAD build/lv_msgbox.o
LOAD build/lv_spinner.o
LOAD build/lv_roller.o
LOAD build/lv_table.o
LOAD build/lv_tabview.o
LOAD build/lv_tileview.o
LOAD build/lv_btn.o
LOAD build/lv_calendar.o
LOAD build/lv_chart.o
LOAD build/lv_canvas.o
LOAD build/lv_gauge.o
LOAD build/lv_label.o
LOAD build/lv_list.o
LOAD build/lv_slider.o
LOAD build/lv_textarea.o
LOAD build/lv_spinbox.o
LOAD build/lv_btnmatrix.o
LOAD build/lv_cont.o
LOAD build/lv_img.o
LOAD build/lv_imgbtn.o
LOAD build/lv_led.o
LOAD build/lv_linemeter.o
LOAD build/lv_page.o
LOAD build/lv_switch.o
LOAD build/lv_win.o
LOAD build/lv_objmask.o
LOAD build/lv_font.o
LOAD build/lv_font_fmt_txt.o
LOAD build/lv_font_loader.o
LOAD build/lv_font_dejavu_16_persian_hebrew.o
LOAD build/lv_font_montserrat_8.o
LOAD build/lv_font_montserrat_10.o
LOAD build/lv_font_montserrat_12.o
LOAD build/lv_font_montserrat_12_subpx.o
LOAD build/lv_font_montserrat_14.o
LOAD build/lv_font_montserrat_16.o
LOAD build/lv_font_montserrat_18.o
LOAD build/lv_font_montserrat_20.o
LOAD build/lv_font_montserrat_22.o
LOAD build/lv_font_montserrat_24.o
LOAD build/lv_font_montserrat_26.o
LOAD build/lv_font_montserrat_28.o
LOAD build/lv_font_montserrat_28_compressed.o
LOAD build/lv_font_montserrat_30.o
LOAD build/lv_font_montserrat_32.o
LOAD build/lv_font_montserrat_34.o
LOAD build/lv_font_montserrat_36.o
LOAD build/lv_font_montserrat_38.o
LOAD build/lv_font_montserrat_40.o
LOAD build/lv_font_montserrat_42.o
LOAD build/lv_font_montserrat_44.o
LOAD build/lv_font_montserrat_46.o
LOAD build/lv_font_montserrat_48.o
LOAD build/lv_font_simsun_16_cjk.o
LOAD build/lv_font_unscii_8.o
LOAD build/lv_font_unscii_16.o
LOAD build/lv_area.o
LOAD build/lv_task.o
LOAD build/lv_fs.o
LOAD build/lv_anim.o
LOAD build/lv_mem.o
LOAD build/lv_ll.o
LOAD build/lv_color.o
LOAD build/lv_txt.o
LOAD build/lv_txt_ap.o
LOAD build/lv_math.o
LOAD build/lv_log.o
LOAD build/lv_gc.o
LOAD build/lv_utils.o
LOAD build/lv_async.o
LOAD build/lv_printf.o
LOAD build/lv_bidi.o
LOAD build/lv_debug.o
LOAD build/lv_theme.o
LOAD build/lv_theme_empty.o
LOAD build/lv_theme_material.o
LOAD build/lv_theme_mono.o
LOAD build/lv_theme_template.o
LOAD build/lv_draw_mask.o
LOAD build/lv_draw_blend.o
LOAD build/lv_draw_rect.o
LOAD build/lv_draw_label.o
LOAD build/lv_draw_line.o
LOAD build/lv_draw_img.o
LOAD build/lv_draw_arc.o
LOAD build/lv_draw_triangle.o
LOAD build/lv_img_decoder.o
LOAD build/lv_img_cache.o
LOAD build/lv_img_buf.o
LOAD build/lv_gpu_stm32_dma2d.o
LOAD build/f1c100s_pwm.o
LOAD build/f1c100s_adc.o
LOAD build/f1c100s_i2c.o
LOAD build/f1c100s_timer.o
LOAD build/f1c100s_de.o
LOAD build/f1c100s_tve.o
LOAD build/f1c100s_tvd.o
LOAD build/f1c100s_clock.o
LOAD build/f1c100s_gpio.o
LOAD build/f1c100s_intc.o
LOAD build/f1c100s_uart.o
LOAD build/f1c100s_sdc.o
LOAD build/printf.o
LOAD build/syscalls.o
LOAD build/start.o
LOAD build/cache-v5.o
LOAD /usr/lib/gcc/arm-none-eabi/6.3.1/libgcc.a
LOAD /usr/lib/gcc/arm-none-eabi/6.3.1/../../../arm-none-eabi/lib/libm.a
LOAD /usr/lib/gcc/arm-none-eabi/6.3.1/../../../arm-none-eabi/lib/libc_nano.a
START GROUP
LOAD /usr/lib/gcc/arm-none-eabi/6.3.1/libgcc.a
LOAD /usr/lib/gcc/arm-none-eabi/6.3.1/../../../arm-none-eabi/lib/libc.a
END GROUP
                0x0000000000010000                STACK_UND_SIZE = 0x10000
                0x0000000000010000                STACK_ABT_SIZE = 0x10000
                0x0000000000010000                STACK_IRQ_SIZE = 0x10000
                0x0000000000010000                STACK_FIQ_SIZE = 0x10000
                0x0000000000040000                STACK_SVC_SIZE = 0x40000
                0x0000000000800000                HEAP_SIZE = 0x800000

.text           0x0000000080000000    0x28568
                0x0000000080000000                PROVIDE (__image_start, .)
                [!provide]                        PROVIDE (__text_start, .)
 build/start.o(.text)
 .text          0x0000000080000000      0x2fc build/start.o
                0x0000000080000018                _start
 *(.text*)
 .text.system_init
                0x00000000800002fc      0x1cc build/system.o
                0x00000000800002fc                system_init
 .text._putchar
                0x00000000800004c8       0x2c build/system.o
                0x00000000800004c8                _putchar
 .text.show_regs
                0x00000000800004f4       0x78 build/exception.o
 .text._software_interrupt_
                0x000000008000056c        0xc build/exception.o
                0x000000008000056c                _software_interrupt_
 .text._prefetch_abort_
                0x0000000080000578       0x20 build/exception.o
                0x0000000080000578                _prefetch_abort_
 .text._undefined_instruction_
                0x0000000080000598        0x8 build/exception.o
                0x0000000080000598                _undefined_instruction_
 .text._data_abort_
                0x00000000800005a0       0x20 build/exception.o
                0x00000000800005a0                _data_abort_
 .text.timer_irq_handler
                0x00000000800005c0       0x18 build/main.o
                0x00000000800005c0                timer_irq_handler
 .text.lvgl_print_cb
                0x00000000800005d8       0x70 build/main.o
                0x00000000800005d8                lvgl_print_cb
 .text.uart_irq_handler
                0x0000000080000648       0xb4 build/main.o
                0x0000000080000648                uart_irq_handler
 .text.timer_init
                0x00000000800006fc       0x54 build/main.o
                0x00000000800006fc                timer_init
 .text.muart_init
                0x0000000080000750       0x3c build/main.o
                0x0000000080000750                muart_init
 .text.startup.main
                0x000000008000078c       0x70 build/main.o
                0x000000008000078c                main
 .text.display_flush
                0x00000000800007fc       0x34 build/display.o
 .text.display_init
                0x0000000080000830      0x140 build/display.o
                0x0000000080000830                display_init
 .text.display_init_lvgl
                0x0000000080000970       0x8c build/display.o
                0x0000000080000970                display_init_lvgl
 .text.display_set_bl
                0x00000000800009fc        0xc build/display.o
                0x00000000800009fc                display_set_bl
 .text.events_init
                0x0000000080000a08        0x4 build/events_init.o
                0x0000000080000a08                events_init
 .text.setup_ui
                0x0000000080000a0c       0x4c build/gui_guider.o
                0x0000000080000a0c                setup_ui
 .text.setup_scr_screen
                0x0000000080000a58      0x67c build/setup_scr_screen.o
                0x0000000080000a58                setup_scr_screen
 .text.dosm     0x00000000800010d4       0x10 build/setup_scr_screen.o
                0x00000000800010d4                dosm
 .text.gauge_anim
                0x00000000800010e4        0xc build/custom.o
 .text.custom_init
                0x00000000800010f0       0x80 build/custom.o
                0x00000000800010f0                custom_init
 .text.obj_to_foreground
                0x0000000080001170       0x38 build/lv_group.o
 .text.focus_next_core.part.0
                0x00000000800011a8      0x180 build/lv_group.o
 .text._lv_group_init
                0x0000000080001328       0x10 build/lv_group.o
                0x0000000080001328                _lv_group_init
 .text.lv_group_focus_next
                0x0000000080001338       0x20 build/lv_group.o
                0x0000000080001338                lv_group_focus_next
 .text.lv_group_focus_prev
                0x0000000080001358       0x20 build/lv_group.o
                0x0000000080001358                lv_group_focus_prev
 .text.lv_group_refocus
                0x0000000080001378       0x44 build/lv_group.o
 .text.lv_group_add_obj
                0x00000000800013bc      0x124 build/lv_group.o
                0x00000000800013bc                lv_group_add_obj
 .text.lv_group_remove_obj
                0x00000000800014e0       0xdc build/lv_group.o
                0x00000000800014e0                lv_group_remove_obj
 .text.lv_group_get_focused
                0x00000000800015bc       0x18 build/lv_group.o
                0x00000000800015bc                lv_group_get_focused
 .text.lv_group_get_editing
                0x00000000800015d4       0x14 build/lv_group.o
                0x00000000800015d4                lv_group_get_editing
 .text.lv_indev_reset.part.2
                0x00000000800015e8       0x9c build/lv_indev.o
 .text._lv_indev_init
                0x0000000080001684        0x8 build/lv_indev.o
                0x0000000080001684                _lv_indev_init
 .text.lv_indev_get_act
                0x000000008000168c       0x10 build/lv_indev.o
                0x000000008000168c                lv_indev_get_act
 .text.lv_indev_reset
                0x000000008000169c       0x98 build/lv_indev.o
                0x000000008000169c                lv_indev_reset
 .text.lv_indev_get_obj_act
                0x0000000080001734       0x10 build/lv_indev.o
                0x0000000080001734                lv_indev_get_obj_act
 .text.lv_disp_get_scr_act
                0x0000000080001744       0x54 build/lv_disp.o
                0x0000000080001744                lv_disp_get_scr_act
 .text.lv_disp_get_scr_prev
                0x0000000080001798       0x54 build/lv_disp.o
                0x0000000080001798                lv_disp_get_scr_prev
 .text.lv_disp_load_scr
                0x00000000800017ec       0x24 build/lv_disp.o
                0x00000000800017ec                lv_disp_load_scr
 .text.lv_disp_get_layer_top
                0x0000000080001810       0x54 build/lv_disp.o
                0x0000000080001810                lv_disp_get_layer_top
 .text.lv_disp_get_layer_sys
                0x0000000080001864       0x54 build/lv_disp.o
                0x0000000080001864                lv_disp_get_layer_sys
 .text.style_prop_is_cacheble
                0x00000000800018b8      0x11c build/lv_obj.o
 .text.refresh_children_position
                0x00000000800019d4       0x8c build/lv_obj.o
 .text.lv_area_copy
                0x0000000080001a60       0x1c build/lv_obj.o
 .text.lv_init  0x0000000080001a7c       0xf0 build/lv_obj.o
                0x0000000080001a7c                lv_init
 .text.lv_obj_set_click
                0x0000000080001b6c       0x70 build/lv_obj.o
                0x0000000080001b6c                lv_obj_set_click
 .text.lv_event_send_func
                0x0000000080001bdc      0x140 build/lv_obj.o
                0x0000000080001bdc                lv_event_send_func
 .text.lv_event_send
                0x0000000080001d1c       0x84 build/lv_obj.o
                0x0000000080001d1c                lv_event_send
 .text.lv_obj_set_signal_cb
                0x0000000080001da0       0x60 build/lv_obj.o
                0x0000000080001da0                lv_obj_set_signal_cb
 .text.lv_signal_send
                0x0000000080001e00       0x20 build/lv_obj.o
                0x0000000080001e00                lv_signal_send
 .text.lv_obj_set_design_cb
                0x0000000080001e20       0x60 build/lv_obj.o
                0x0000000080001e20                lv_obj_set_design_cb
 .text.lv_obj_allocate_ext_attr
                0x0000000080001e80       0x70 build/lv_obj.o
                0x0000000080001e80                lv_obj_allocate_ext_attr
 .text.lv_obj_refresh_ext_draw_pad
                0x0000000080001ef0       0x70 build/lv_obj.o
                0x0000000080001ef0                lv_obj_refresh_ext_draw_pad
 .text.lv_obj_get_parent
                0x0000000080001f60       0x5c build/lv_obj.o
                0x0000000080001f60                lv_obj_get_parent
 .text.lv_obj_get_screen
                0x0000000080001fbc       0x70 build/lv_obj.o
                0x0000000080001fbc                lv_obj_get_screen
 .text.lv_obj_get_disp
                0x000000008000202c       0xf4 build/lv_obj.o
                0x000000008000202c                lv_obj_get_disp
 .text.lv_obj_get_child
                0x0000000080002120       0x7c build/lv_obj.o
                0x0000000080002120                lv_obj_get_child
 .text.lv_obj_get_coords
                0x000000008000219c       0x68 build/lv_obj.o
                0x000000008000219c                lv_obj_get_coords
 .text.lv_obj_get_x
                0x0000000080002204       0x78 build/lv_obj.o
                0x0000000080002204                lv_obj_get_x
 .text.lv_obj_get_y
                0x000000008000227c       0x7c build/lv_obj.o
                0x000000008000227c                lv_obj_get_y
 .text.lv_obj_get_width
                0x00000000800022f8       0x70 build/lv_obj.o
                0x00000000800022f8                lv_obj_get_width
 .text.lv_obj_get_height
                0x0000000080002368       0x70 build/lv_obj.o
                0x0000000080002368                lv_obj_get_height
 .text.lv_obj_get_style_list
                0x00000000800023d8       0x40 build/lv_obj.o
                0x00000000800023d8                lv_obj_get_style_list
 .text.trans_del
                0x0000000080002418       0xb4 build/lv_obj.o
 .text.lv_obj_clean_style_list
                0x00000000800024cc       0x68 build/lv_obj.o
                0x00000000800024cc                lv_obj_clean_style_list
 .text._lv_obj_disable_style_caching
                0x0000000080002534       0x8c build/lv_obj.o
                0x0000000080002534                _lv_obj_disable_style_caching
 .text.trans_anim_ready_cb
                0x00000000800025c0       0x9c build/lv_obj.o
 .text.lv_obj_get_hidden
                0x000000008000265c       0x64 build/lv_obj.o
                0x000000008000265c                lv_obj_get_hidden
 .text.lv_obj_area_is_visible
                0x00000000800026c0      0x128 build/lv_obj.o
                0x00000000800026c0                lv_obj_area_is_visible
 .text.lv_obj_invalidate_area
                0x00000000800027e8       0x90 build/lv_obj.o
                0x00000000800027e8                lv_obj_invalidate_area
 .text.lv_obj_invalidate
                0x0000000080002878       0xac build/lv_obj.o
                0x0000000080002878                lv_obj_invalidate
 .text.lv_obj_move_foreground
                0x0000000080002924       0xb4 build/lv_obj.o
                0x0000000080002924                lv_obj_move_foreground
 .text.lv_obj_set_pos
                0x00000000800029d8      0x148 build/lv_obj.o
                0x00000000800029d8                lv_obj_set_pos
 .text.lv_obj_set_x
                0x0000000080002b20       0x74 build/lv_obj.o
                0x0000000080002b20                lv_obj_set_x
 .text.lv_obj_set_y
                0x0000000080002b94       0x74 build/lv_obj.o
                0x0000000080002b94                lv_obj_set_y
 .text.obj_align_core
                0x0000000080002c08       0xac build/lv_obj.o
 .text.lv_obj_align
                0x0000000080002cb4       0xf8 build/lv_obj.o
                0x0000000080002cb4                lv_obj_align
 .text.obj_align_mid_core
                0x0000000080002dac      0x238 build/lv_obj.o
 .text.lv_obj_align_mid
                0x0000000080002fe4       0xf8 build/lv_obj.o
                0x0000000080002fe4                lv_obj_align_mid
 .text.lv_obj_realign
                0x00000000800030dc       0x88 build/lv_obj.o
                0x00000000800030dc                lv_obj_realign
 .text.refresh_children_style
                0x0000000080003164       0x68 build/lv_obj.o
 .text.lv_obj_get_base_dir
                0x00000000800031cc       0x5c build/lv_obj.o
                0x00000000800031cc                lv_obj_get_base_dir
 .text.lv_obj_create
                0x0000000080003228      0x5c8 build/lv_obj.o
                0x0000000080003228                lv_obj_create
 .text.lv_obj_set_size
                0x00000000800037f0      0x170 build/lv_obj.o
                0x00000000800037f0                lv_obj_set_size
 .text.lv_obj_set_height
                0x0000000080003960       0x74 build/lv_obj.o
                0x0000000080003960                lv_obj_set_height
 .text.lv_obj_is_protected
                0x00000000800039d4       0x6c build/lv_obj.o
                0x00000000800039d4                lv_obj_is_protected
 .text.lv_obj_get_state
                0x0000000080003a40       0x8c build/lv_obj.o
                0x0000000080003a40                lv_obj_get_state
 .text._lv_obj_get_style_color
                0x0000000080003acc       0xac build/lv_obj.o
                0x0000000080003acc                _lv_obj_get_style_color
 .text._lv_obj_get_style_opa
                0x0000000080003b78      0x14c build/lv_obj.o
                0x0000000080003b78                _lv_obj_get_style_opa
 .text.update_style_cache
                0x0000000080003cc4      0x598 build/lv_obj.o
 .text._lv_obj_get_style_ptr
                0x000000008000425c      0x140 build/lv_obj.o
                0x000000008000425c                _lv_obj_get_style_ptr
 .text._lv_obj_get_style_int
                0x000000008000439c      0x280 build/lv_obj.o
                0x000000008000439c                _lv_obj_get_style_int
 .text.lv_obj_get_style_clip_corner
                0x000000008000461c       0x18 build/lv_obj.o
 .text.trans_anim_start_cb
                0x0000000080004634       0x80 build/lv_obj.o
 .text.update_style_cache_children
                0x00000000800046b4      0x1a4 build/lv_obj.o
 .text.invalidate_style_cache.isra.26
                0x0000000080004858       0xb0 build/lv_obj.o
 .text.lv_obj_refresh_style
                0x0000000080004908      0x1b4 build/lv_obj.o
                0x0000000080004908                lv_obj_refresh_style
 .text.lv_obj_add_style
                0x0000000080004abc       0x8c build/lv_obj.o
                0x0000000080004abc                lv_obj_add_style
 .text.lv_obj_reset_style_list
                0x0000000080004b48       0x24 build/lv_obj.o
                0x0000000080004b48                lv_obj_reset_style_list
 .text._lv_obj_set_style_local_int
                0x0000000080004b6c       0x4c build/lv_obj.o
                0x0000000080004b6c                _lv_obj_set_style_local_int
 .text._lv_obj_set_style_local_color
                0x0000000080004bb8       0x4c build/lv_obj.o
                0x0000000080004bb8                _lv_obj_set_style_local_color
 .text._lv_obj_set_style_local_opa
                0x0000000080004c04       0x4c build/lv_obj.o
                0x0000000080004c04                _lv_obj_set_style_local_opa
 .text.report_style_mod_core
                0x0000000080004c50       0xe8 build/lv_obj.o
 .text.lv_obj_report_style_mod
                0x0000000080004d38       0x58 build/lv_obj.o
                0x0000000080004d38                lv_obj_report_style_mod
 .text.trans_anim_cb
                0x0000000080004d90      0x150 build/lv_obj.o
 .text.lv_obj_get_signal_cb
                0x0000000080004ee0       0x5c build/lv_obj.o
                0x0000000080004ee0                lv_obj_get_signal_cb
 .text.lv_obj_get_design_cb
                0x0000000080004f3c       0x5c build/lv_obj.o
                0x0000000080004f3c                lv_obj_get_design_cb
 .text.lv_obj_get_ext_attr
                0x0000000080004f98       0x5c build/lv_obj.o
                0x0000000080004f98                lv_obj_get_ext_attr
 .text.lv_obj_get_group
                0x0000000080004ff4       0x5c build/lv_obj.o
                0x0000000080004ff4                lv_obj_get_group
 .text.obj_del_core
                0x0000000080005050      0x168 build/lv_obj.o
 .text.lv_obj_del
                0x00000000800051b8       0xcc build/lv_obj.o
                0x00000000800051b8                lv_obj_del
 .text.lv_obj_is_focused
                0x0000000080005284       0x74 build/lv_obj.o
                0x0000000080005284                lv_obj_is_focused
 .text.lv_obj_handle_get_type_signal
                0x00000000800052f8       0x30 build/lv_obj.o
                0x00000000800052f8                lv_obj_handle_get_type_signal
 .text.lv_obj_init_draw_rect_dsc
                0x0000000080005328      0x4ec build/lv_obj.o
                0x0000000080005328                lv_obj_init_draw_rect_dsc
 .text.lv_obj_design
                0x0000000080005814      0x3b4 build/lv_obj.o
 .text.lv_obj_init_draw_label_dsc
                0x0000000080005bc8      0x140 build/lv_obj.o
                0x0000000080005bc8                lv_obj_init_draw_label_dsc
 .text.lv_obj_init_draw_img_dsc
                0x0000000080005d08      0x108 build/lv_obj.o
                0x0000000080005d08                lv_obj_init_draw_img_dsc
 .text.lv_obj_init_draw_line_dsc
                0x0000000080005e10      0x110 build/lv_obj.o
                0x0000000080005e10                lv_obj_init_draw_line_dsc
 .text.style_snapshot
                0x0000000080005f20      0x2c4 build/lv_obj.o
 .text.lv_obj_set_state.part.33
                0x00000000800061e4      0x8dc build/lv_obj.o
 .text.lv_obj_set_state
                0x0000000080006ac0       0x74 build/lv_obj.o
                0x0000000080006ac0                lv_obj_set_state
 .text.lv_obj_add_state
                0x0000000080006b34       0x7c build/lv_obj.o
                0x0000000080006b34                lv_obj_add_state
 .text.lv_obj_clear_state
                0x0000000080006bb0       0x78 build/lv_obj.o
                0x0000000080006bb0                lv_obj_clear_state
 .text.lv_obj_get_draw_rect_ext_pad_size
                0x0000000080006c28      0x304 build/lv_obj.o
                0x0000000080006c28                lv_obj_get_draw_rect_ext_pad_size
 .text.lv_obj_get_focused_obj
                0x0000000080006f2c       0x34 build/lv_obj.o
                0x0000000080006f2c                lv_obj_get_focused_obj
 .text.lv_obj_signal
                0x0000000080006f60      0x148 build/lv_obj.o
 .text.lv_refr_vdb_flush
                0x00000000800070a8       0xdc build/lv_refr.o
 .text.lv_refr_obj
                0x0000000080007184      0x168 build/lv_refr.o
 .text.lv_refr_obj_and_children
                0x00000000800072ec       0xac build/lv_refr.o
 .text.lv_refr_get_top_obj
                0x0000000080007398       0xc8 build/lv_refr.o
 .text.lv_refr_area_part
                0x0000000080007460      0x1f8 build/lv_refr.o
 .text._lv_refr_init
                0x0000000080007658        0x4 build/lv_refr.o
                0x0000000080007658                _lv_refr_init
 .text._lv_inv_area
                0x000000008000765c      0x16c build/lv_refr.o
                0x000000008000765c                _lv_inv_area
 .text._lv_refr_get_disp_refreshing
                0x00000000800077c8       0x10 build/lv_refr.o
                0x00000000800077c8                _lv_refr_get_disp_refreshing
 .text._lv_disp_refr_task
                0x00000000800077d8      0x914 build/lv_refr.o
                0x00000000800077d8                _lv_disp_refr_task
 .text._lv_memcpy_small
                0x00000000800080ec       0x24 build/lv_style.o
 .text.lv_style_list_get_style
                0x0000000080008110       0x3c build/lv_style.o
 .text.get_style_prop
                0x000000008000814c       0x24 build/lv_style.o
 .text.get_style_prop_attr
                0x0000000080008170       0x14 build/lv_style.o
 .text.get_prop_size
                0x0000000080008184       0x28 build/lv_style.o
 .text.get_property_index
                0x00000000800081ac       0xb0 build/lv_style.o
 .text.style_resize
                0x000000008000825c       0x18 build/lv_style.o
 .text.lv_style_init
                0x0000000080008274        0x8 build/lv_style.o
                0x0000000080008274                lv_style_init
 .text.lv_style_list_init
                0x000000008000827c        0x8 build/lv_style.o
                0x000000008000827c                lv_style_list_init
 .text._lv_style_list_remove_style
                0x0000000080008284      0x150 build/lv_style.o
                0x0000000080008284                _lv_style_list_remove_style
 .text._lv_style_list_add_style
                0x00000000800083d4      0x110 build/lv_style.o
                0x00000000800083d4                _lv_style_list_add_style
 .text.get_alloc_local_style
                0x00000000800084e4       0xd4 build/lv_style.o
 .text.lv_style_reset
                0x00000000800085b8       0x1c build/lv_style.o
                0x00000000800085b8                lv_style_reset
 .text._lv_style_get_mem_size
                0x00000000800085d4       0x50 build/lv_style.o
                0x00000000800085d4                _lv_style_get_mem_size
 .text.lv_style_copy
                0x0000000080008624       0x40 build/lv_style.o
                0x0000000080008624                lv_style_copy
 .text.lv_style_remove_prop
                0x0000000080008664       0x8c build/lv_style.o
                0x0000000080008664                lv_style_remove_prop
 .text._lv_style_set_int
                0x00000000800086f0      0x11c build/lv_style.o
                0x00000000800086f0                _lv_style_set_int
 .text._lv_style_set_color
                0x000000008000880c      0x11c build/lv_style.o
                0x000000008000880c                _lv_style_set_color
 .text._lv_style_set_opa
                0x0000000080008928      0x118 build/lv_style.o
                0x0000000080008928                _lv_style_set_opa
 .text._lv_style_set_ptr
                0x0000000080008a40      0x11c build/lv_style.o
                0x0000000080008a40                _lv_style_set_ptr
 .text._lv_style_get_int
                0x0000000080008b5c       0x64 build/lv_style.o
                0x0000000080008b5c                _lv_style_get_int
 .text._lv_style_get_opa
                0x0000000080008bc0       0x64 build/lv_style.o
                0x0000000080008bc0                _lv_style_get_opa
 .text._lv_style_get_ptr
                0x0000000080008c24       0x64 build/lv_style.o
                0x0000000080008c24                _lv_style_get_ptr
 .text.lv_style_list_get_local_style
                0x0000000080008c88       0x28 build/lv_style.o
                0x0000000080008c88                lv_style_list_get_local_style
 .text._lv_style_list_get_transition_style
                0x0000000080008cb0       0x18 build/lv_style.o
                0x0000000080008cb0                _lv_style_list_get_transition_style
 .text._lv_style_list_reset
                0x0000000080008cc8       0x88 build/lv_style.o
                0x0000000080008cc8                _lv_style_list_reset
 .text.lv_style_list_copy
                0x0000000080008d50      0x160 build/lv_style.o
                0x0000000080008d50                lv_style_list_copy
 .text._lv_style_list_add_trans_style
                0x0000000080008eb0       0xdc build/lv_style.o
                0x0000000080008eb0                _lv_style_list_add_trans_style
 .text._lv_style_list_set_local_int
                0x0000000080008f8c       0x20 build/lv_style.o
                0x0000000080008f8c                _lv_style_list_set_local_int
 .text._lv_style_list_set_local_opa
                0x0000000080008fac       0x20 build/lv_style.o
                0x0000000080008fac                _lv_style_list_set_local_opa
 .text._lv_style_list_set_local_color
                0x0000000080008fcc       0x20 build/lv_style.o
                0x0000000080008fcc                _lv_style_list_set_local_color
 .text._lv_style_list_get_int
                0x0000000080008fec       0xd4 build/lv_style.o
                0x0000000080008fec                _lv_style_list_get_int
 .text._lv_style_list_get_color
                0x00000000800090c0       0xd4 build/lv_style.o
                0x00000000800090c0                _lv_style_list_get_color
 .text._lv_style_list_get_opa
                0x0000000080009194       0xd4 build/lv_style.o
                0x0000000080009194                _lv_style_list_get_opa
 .text._lv_style_list_get_ptr
                0x0000000080009268       0xcc build/lv_style.o
                0x0000000080009268                _lv_style_list_get_ptr
 .text.lv_disp_drv_init
                0x0000000080009334       0x78 build/lv_hal_disp.o
                0x0000000080009334                lv_disp_drv_init
 .text.lv_disp_buf_init
                0x00000000800093ac       0x2c build/lv_hal_disp.o
                0x00000000800093ac                lv_disp_buf_init
 .text.lv_disp_get_default
                0x00000000800093d8       0x10 build/lv_hal_disp.o
                0x00000000800093d8                lv_disp_get_default
 .text.lv_disp_get_hor_res
                0x00000000800093e8       0x38 build/lv_hal_disp.o
                0x00000000800093e8                lv_disp_get_hor_res
 .text.lv_disp_get_ver_res
                0x0000000080009420       0x38 build/lv_hal_disp.o
                0x0000000080009420                lv_disp_get_ver_res
 .text.lv_disp_get_dpi
                0x0000000080009458       0x34 build/lv_hal_disp.o
                0x0000000080009458                lv_disp_get_dpi
 .text.lv_disp_get_size_category
                0x000000008000948c       0x78 build/lv_hal_disp.o
                0x000000008000948c                lv_disp_get_size_category
 .text.lv_disp_flush_ready
                0x0000000080009504       0x14 build/lv_hal_disp.o
                0x0000000080009504                lv_disp_flush_ready
 .text.lv_disp_get_next
                0x0000000080009518       0x18 build/lv_hal_disp.o
                0x0000000080009518                lv_disp_get_next
 .text.lv_disp_get_buf
                0x0000000080009530        0x8 build/lv_hal_disp.o
                0x0000000080009530                lv_disp_get_buf
 .text.lv_disp_is_double_buf
                0x0000000080009538       0x20 build/lv_hal_disp.o
                0x0000000080009538                lv_disp_is_double_buf
 .text.lv_disp_is_true_double_buf
                0x0000000080009558       0x38 build/lv_hal_disp.o
                0x0000000080009558                lv_disp_is_true_double_buf
 .text.lv_disp_drv_register
                0x0000000080009590      0x204 build/lv_hal_disp.o
                0x0000000080009590                lv_disp_drv_register
 .text.lv_indev_get_next
                0x0000000080009794       0x18 build/lv_hal_indev.o
                0x0000000080009794                lv_indev_get_next
 .text.lv_tick_inc
                0x00000000800097ac       0x28 build/lv_hal_tick.o
                0x00000000800097ac                lv_tick_inc
 .text.lv_tick_get
                0x00000000800097d4       0x2c build/lv_hal_tick.o
                0x00000000800097d4                lv_tick_get
 .text.lv_tick_elaps
                0x0000000080009800       0x14 build/lv_hal_tick.o
                0x0000000080009800                lv_tick_elaps
 .text.lv_gauge_signal
                0x0000000080009814      0x140 build/lv_gauge.o
 .text.lv_gauge_design
                0x0000000080009954      0x71c build/lv_gauge.o
 .text.lv_gauge_set_needle_count
                0x000000008000a070      0x134 build/lv_gauge.o
                0x000000008000a070                lv_gauge_set_needle_count
 .text.lv_gauge_set_value
                0x000000008000a1a4      0x32c build/lv_gauge.o
                0x000000008000a1a4                lv_gauge_set_value
 .text.lv_gauge_set_scale
                0x000000008000a4d0       0x84 build/lv_gauge.o
                0x000000008000a4d0                lv_gauge_set_scale
 .text.lv_gauge_create
                0x000000008000a554      0x254 build/lv_gauge.o
                0x000000008000a554                lv_gauge_create
 .text.lv_label_dot_tmp_free
                0x000000008000a7a8       0x40 build/lv_label.o
 .text.lv_label_revert_dots
                0x000000008000a7e8       0xb4 build/lv_label.o
 .text.lv_label_set_offset_y
                0x000000008000a89c       0x20 build/lv_label.o
 .text.lv_label_set_offset_x
                0x000000008000a8bc       0x20 build/lv_label.o
 .text.lv_label_set_dot_tmp
                0x000000008000a8dc       0xc4 build/lv_label.o
 .text.get_txt_coords
                0x000000008000a9a0       0x90 build/lv_label.o
 .text.lv_label_set_align
                0x000000008000aa30       0x98 build/lv_label.o
                0x000000008000aa30                lv_label_set_align
 .text.lv_label_get_text
                0x000000008000aac8       0x64 build/lv_label.o
                0x000000008000aac8                lv_label_get_text
 .text.lv_label_get_long_mode
                0x000000008000ab2c       0x64 build/lv_label.o
                0x000000008000ab2c                lv_label_get_long_mode
 .text.lv_label_get_align
                0x000000008000ab90       0x74 build/lv_label.o
                0x000000008000ab90                lv_label_get_align
 .text.lv_label_get_recolor
                0x000000008000ac04       0x6c build/lv_label.o
                0x000000008000ac04                lv_label_get_recolor
 .text.lv_label_get_letter_on
                0x000000008000ac70      0x3fc build/lv_label.o
                0x000000008000ac70                lv_label_get_letter_on
 .text.lv_label_get_text_sel_start
                0x000000008000b06c       0x60 build/lv_label.o
                0x000000008000b06c                lv_label_get_text_sel_start
 .text.lv_label_get_text_sel_end
                0x000000008000b0cc       0x60 build/lv_label.o
                0x000000008000b0cc                lv_label_get_text_sel_end
 .text.lv_label_design
                0x000000008000b12c      0x32c build/lv_label.o
 .text.lv_label_refr_text
                0x000000008000b458      0x730 build/lv_label.o
                0x000000008000b458                lv_label_refr_text
 .text.lv_label_signal
                0x000000008000bb88      0x144 build/lv_label.o
 .text.lv_label_set_text
                0x000000008000bccc      0x1c0 build/lv_label.o
                0x000000008000bccc                lv_label_set_text
 .text.lv_label_set_text_fmt
                0x000000008000be8c      0x108 build/lv_label.o
                0x000000008000be8c                lv_label_set_text_fmt
 .text.lv_label_set_text_static
                0x000000008000bf94       0xa4 build/lv_label.o
                0x000000008000bf94                lv_label_set_text_static
 .text.lv_label_set_long_mode
                0x000000008000c038      0x114 build/lv_label.o
                0x000000008000c038                lv_label_set_long_mode
 .text.lv_label_set_recolor
                0x000000008000c14c       0x94 build/lv_label.o
                0x000000008000c14c                lv_label_set_recolor
 .text.lv_label_create
                0x000000008000c1e0      0x330 build/lv_label.o
                0x000000008000c1e0                lv_label_create
 .text.lv_linemeter_signal
                0x000000008000c510       0x68 build/lv_linemeter.o
 .text.lv_linemeter_create
                0x000000008000c578      0x1c4 build/lv_linemeter.o
                0x000000008000c578                lv_linemeter_create
 .text.lv_linemeter_set_value
                0x000000008000c73c       0xd8 build/lv_linemeter.o
                0x000000008000c73c                lv_linemeter_set_value
 .text.lv_linemeter_set_range
                0x000000008000c814       0xd0 build/lv_linemeter.o
                0x000000008000c814                lv_linemeter_set_range
 .text.lv_linemeter_set_scale
                0x000000008000c8e4       0x94 build/lv_linemeter.o
                0x000000008000c8e4                lv_linemeter_set_scale
 .text.lv_linemeter_get_min_value
                0x000000008000c978       0x60 build/lv_linemeter.o
                0x000000008000c978                lv_linemeter_get_min_value
 .text.lv_linemeter_get_max_value
                0x000000008000c9d8       0x60 build/lv_linemeter.o
                0x000000008000c9d8                lv_linemeter_get_max_value
 .text.lv_linemeter_get_scale_angle
                0x000000008000ca38       0x64 build/lv_linemeter.o
                0x000000008000ca38                lv_linemeter_get_scale_angle
 .text.lv_linemeter_get_angle_offset
                0x000000008000ca9c       0x10 build/lv_linemeter.o
                0x000000008000ca9c                lv_linemeter_get_angle_offset
 .text.lv_linemeter_draw_scale
                0x000000008000caac      0x6c8 build/lv_linemeter.o
                0x000000008000caac                lv_linemeter_draw_scale
 .text.lv_linemeter_design
                0x000000008000d174       0x78 build/lv_linemeter.o
 .text.lv_font_get_glyph_bitmap
                0x000000008000d1ec        0x8 build/lv_font.o
                0x000000008000d1ec                lv_font_get_glyph_bitmap
 .text.lv_font_get_glyph_dsc
                0x000000008000d1f4        0x8 build/lv_font.o
                0x000000008000d1f4                lv_font_get_glyph_dsc
 .text.lv_font_get_glyph_width
                0x000000008000d1fc       0x24 build/lv_font.o
                0x000000008000d1fc                lv_font_get_glyph_width
 .text.kern_pair_8_compare
                0x000000008000d220       0x20 build/lv_font_fmt_txt.o
 .text.kern_pair_16_compare
                0x000000008000d240       0x20 build/lv_font_fmt_txt.o
 .text.get_bits
                0x000000008000d260       0xa8 build/lv_font_fmt_txt.o
 .text.bits_write
                0x000000008000d308       0xcc build/lv_font_fmt_txt.o
 .text.decompress_line
                0x000000008000d3d4      0x214 build/lv_font_fmt_txt.o
 .text.unicode_list_compare
                0x000000008000d5e8       0x10 build/lv_font_fmt_txt.o
 .text.get_glyph_dsc_id.isra.0.part.1
                0x000000008000d5f8      0x150 build/lv_font_fmt_txt.o
 .text.lv_font_get_bitmap_fmt_txt
                0x000000008000d748      0x374 build/lv_font_fmt_txt.o
                0x000000008000d748                lv_font_get_bitmap_fmt_txt
 .text.lv_font_get_glyph_dsc_fmt_txt
                0x000000008000dabc      0x1ec build/lv_font_fmt_txt.o
                0x000000008000dabc                lv_font_get_glyph_dsc_fmt_txt
 .text._lv_font_clean_up_fmt_txt
                0x000000008000dca8       0x28 build/lv_font_fmt_txt.o
                0x000000008000dca8                _lv_font_clean_up_fmt_txt
 .text.lv_point_within_circle
                0x000000008000dcd0       0x70 build/lv_area.o
 .text.lv_area_set
                0x000000008000dd40       0x18 build/lv_area.o
                0x000000008000dd40                lv_area_set
 .text.lv_area_set_height
                0x000000008000dd58       0x14 build/lv_area.o
                0x000000008000dd58                lv_area_set_height
 .text.lv_area_get_size
                0x000000008000dd6c       0x28 build/lv_area.o
                0x000000008000dd6c                lv_area_get_size
 .text._lv_area_intersect
                0x000000008000dd94       0x6c build/lv_area.o
                0x000000008000dd94                _lv_area_intersect
 .text._lv_area_join
                0x000000008000de00       0x54 build/lv_area.o
                0x000000008000de00                _lv_area_join
 .text._lv_area_is_point_on
                0x000000008000de54      0x1d0 build/lv_area.o
                0x000000008000de54                _lv_area_is_point_on
 .text._lv_area_is_on
                0x000000008000e024       0x50 build/lv_area.o
                0x000000008000e024                _lv_area_is_on
 .text._lv_area_is_in
                0x000000008000e074       0xd4 build/lv_area.o
                0x000000008000e074                _lv_area_is_in
 .text._lv_area_align
                0x000000008000e148      0x3b4 build/lv_area.o
                0x000000008000e148                _lv_area_align
 .text._lv_task_core_init
                0x000000008000e4fc       0x28 build/lv_task.o
                0x000000008000e4fc                _lv_task_core_init
 .text.lv_task_create
                0x000000008000e524      0x188 build/lv_task.o
                0x000000008000e524                lv_task_create
 .text.lv_task_del
                0x000000008000e6ac       0x50 build/lv_task.o
                0x000000008000e6ac                lv_task_del
 .text.lv_task_exec
                0x000000008000e6fc       0x84 build/lv_task.o
 .text.lv_task_handler
                0x000000008000e780      0x240 build/lv_task.o
                0x000000008000e780                lv_task_handler
 .text.lv_task_set_prio
                0x000000008000e9c0       0x98 build/lv_task.o
                0x000000008000e9c0                lv_task_set_prio
 .text.lv_task_ready
                0x000000008000ea58       0x20 build/lv_task.o
                0x000000008000ea58                lv_task_ready
 .text.lv_task_get_idle
                0x000000008000ea78       0x10 build/lv_task.o
                0x000000008000ea78                lv_task_get_idle
 .text.lv_anim_path_linear
                0x000000008000ea88       0x44 build/lv_anim.o
                0x000000008000ea88                lv_anim_path_linear
 .text.anim_mark_list_change
                0x000000008000eacc       0x3c build/lv_anim.o
 .text.anim_task
                0x000000008000eb08      0x254 build/lv_anim.o
 .text._lv_anim_core_init
                0x000000008000ed5c       0x60 build/lv_anim.o
                0x000000008000ed5c                _lv_anim_core_init
 .text.lv_anim_init
                0x000000008000edbc       0x68 build/lv_anim.o
                0x000000008000edbc                lv_anim_init
 .text.lv_anim_del
                0x000000008000ee24       0x8c build/lv_anim.o
                0x000000008000ee24                lv_anim_del
 .text.lv_anim_start
                0x000000008000eeb0       0xf4 build/lv_anim.o
                0x000000008000eeb0                lv_anim_start
 .text.lv_anim_get
                0x000000008000efa4       0x50 build/lv_anim.o
                0x000000008000efa4                lv_anim_get
 .text.lv_anim_speed_to_time
                0x000000008000eff4       0x48 build/lv_anim.o
                0x000000008000eff4                lv_anim_speed_to_time
 .text.ent_get_next
                0x000000008000f03c       0x3c build/lv_mem.o
 .text.ent_trunc
                0x000000008000f078       0x64 build/lv_mem.o
 .text._lv_mem_init
                0x000000008000f0dc       0x40 build/lv_mem.o
                0x000000008000f0dc                _lv_mem_init
 .text.lv_mem_alloc
                0x000000008000f11c       0xf4 build/lv_mem.o
                0x000000008000f11c                lv_mem_alloc
 .text.lv_mem_defrag
                0x000000008000f210       0x74 build/lv_mem.o
                0x000000008000f210                lv_mem_defrag
 .text.lv_mem_free
                0x000000008000f284       0xa0 build/lv_mem.o
                0x000000008000f284                lv_mem_free
 .text._lv_mem_get_size
                0x000000008000f324       0x20 build/lv_mem.o
                0x000000008000f324                _lv_mem_get_size
 .text._lv_mem_buf_release
                0x000000008000f344       0xac build/lv_mem.o
                0x000000008000f344                _lv_mem_buf_release
 .text._lv_mem_buf_free_all
                0x000000008000f3f0       0x6c build/lv_mem.o
                0x000000008000f3f0                _lv_mem_buf_free_all
 .text._lv_memcpy
                0x000000008000f45c      0x224 build/lv_mem.o
                0x000000008000f45c                _lv_memcpy
 .text.lv_mem_realloc
                0x000000008000f680       0xc8 build/lv_mem.o
                0x000000008000f680                lv_mem_realloc
 .text._lv_mem_buf_get
                0x000000008000f748      0x1a4 build/lv_mem.o
                0x000000008000f748                _lv_mem_buf_get
 .text._lv_memset
                0x000000008000f8ec       0x9c build/lv_mem.o
                0x000000008000f8ec                _lv_memset
 .text._lv_memset_00
                0x000000008000f988       0xa0 build/lv_mem.o
                0x000000008000f988                _lv_memset_00
 .text._lv_memset_ff
                0x000000008000fa28       0xa0 build/lv_mem.o
                0x000000008000fa28                _lv_memset_ff
 .text.node_set_prev.isra.0
                0x000000008000fac8       0x10 build/lv_ll.o
 .text.node_set_next.isra.1
                0x000000008000fad8       0x14 build/lv_ll.o
 .text._lv_ll_init
                0x000000008000faec       0x1c build/lv_ll.o
                0x000000008000faec                _lv_ll_init
 .text._lv_ll_ins_head
                0x000000008000fb08       0x6c build/lv_ll.o
                0x000000008000fb08                _lv_ll_ins_head
 .text._lv_ll_ins_tail
                0x000000008000fb74       0x6c build/lv_ll.o
                0x000000008000fb74                _lv_ll_ins_tail
 .text._lv_ll_get_head
                0x000000008000fbe0        0xc build/lv_ll.o
                0x000000008000fbe0                _lv_ll_get_head
 .text._lv_ll_get_tail
                0x000000008000fbec        0xc build/lv_ll.o
                0x000000008000fbec                _lv_ll_get_tail
 .text._lv_ll_get_next
                0x000000008000fbf8       0x14 build/lv_ll.o
                0x000000008000fbf8                _lv_ll_get_next
 .text._lv_ll_get_prev
                0x000000008000fc0c       0x10 build/lv_ll.o
                0x000000008000fc0c                _lv_ll_get_prev
 .text._lv_ll_ins_prev
                0x000000008000fc1c       0xa0 build/lv_ll.o
                0x000000008000fc1c                _lv_ll_ins_prev
 .text._lv_ll_remove
                0x000000008000fcbc       0xc8 build/lv_ll.o
                0x000000008000fcbc                _lv_ll_remove
 .text._lv_ll_chg_list
                0x000000008000fd84       0xb8 build/lv_ll.o
                0x000000008000fd84                _lv_ll_chg_list
 .text._lv_ll_move_before
                0x000000008000fe3c       0xfc build/lv_ll.o
                0x000000008000fe3c                _lv_ll_move_before
 .text._lv_ll_is_empty
                0x000000008000ff38       0x34 build/lv_ll.o
                0x000000008000ff38                _lv_ll_is_empty
 .text.lv_color_fill
                0x000000008000ff6c       0x70 build/lv_color.o
                0x000000008000ff6c                lv_color_fill
 .text.lv_color_lighten
                0x000000008000ffdc       0x68 build/lv_color.o
                0x000000008000ffdc                lv_color_lighten
 .text.lv_color_darken
                0x0000000080010044       0x60 build/lv_color.o
                0x0000000080010044                lv_color_darken
 .text.lv_txt_utf8_size
                0x00000000800100a4       0x54 build/lv_txt.o
 .text.lv_txt_utf8_next
                0x00000000800100f8      0x15c build/lv_txt.o
 .text.lv_txt_utf8_get_byte_id
                0x0000000080010254       0x4c build/lv_txt.o
 .text.lv_txt_utf8_get_char_id
                0x00000000800102a0       0x50 build/lv_txt.o
 .text.lv_txt_utf8_get_length
                0x00000000800102f0       0x50 build/lv_txt.o
 .text.lv_txt_utf8_prev
                0x0000000080010340       0x88 build/lv_txt.o
 .text._lv_txt_is_cmd
                0x00000000800103c8       0x64 build/lv_txt.o
                0x00000000800103c8                _lv_txt_is_cmd
 .text._lv_txt_get_width
                0x000000008001042c      0x104 build/lv_txt.o
                0x000000008001042c                _lv_txt_get_width
 .text._lv_txt_get_next_line
                0x0000000080010530      0x30c build/lv_txt.o
                0x0000000080010530                _lv_txt_get_next_line
 .text._lv_txt_get_size
                0x000000008001083c      0x160 build/lv_txt.o
                0x000000008001083c                _lv_txt_get_size
 .text._lv_txt_set_text_vfmt
                0x000000008001099c       0xb0 build/lv_txt.o
                0x000000008001099c                _lv_txt_set_text_vfmt
 .text._lv_trigo_sin
                0x0000000080010a4c       0x9c build/lv_math.o
                0x0000000080010a4c                _lv_trigo_sin
 .text._lv_sqrt
                0x0000000080010ae8       0x3c build/lv_math.o
                0x0000000080010ae8                _lv_sqrt
 .text.lv_log_register_print_cb
                0x0000000080010b24       0x10 build/lv_log.o
                0x0000000080010b24                lv_log_register_print_cb
 .text._lv_log_add
                0x0000000080010b34       0x78 build/lv_log.o
                0x0000000080010b34                _lv_log_add
 .text._lv_utils_num_to_str
                0x0000000080010bac       0xbc build/lv_utils.o
                0x0000000080010bac                _lv_utils_num_to_str
 .text._lv_utils_bsearch
                0x0000000080010c68       0x68 build/lv_utils.o
                0x0000000080010c68                _lv_utils_bsearch
 .text._out_buffer
                0x0000000080010cd0        0xc build/lv_printf.o
 .text._out_null
                0x0000000080010cdc        0x4 build/lv_printf.o
 .text._ntoa_format
                0x0000000080010ce0      0x248 build/lv_printf.o
 .text._ntoa_long
                0x0000000080010f28       0xf8 build/lv_printf.o
 .text._ntoa_long_long
                0x0000000080011020      0x120 build/lv_printf.o
 .text._vsnprintf.constprop.0
                0x0000000080011140      0x780 build/lv_printf.o
 .text.lv_vsnprintf
                0x00000000800118c0        0x4 build/lv_printf.o
                0x00000000800118c0                lv_vsnprintf
 .text.lv_debug_check_null
                0x00000000800118c4        0xc build/lv_debug.o
                0x00000000800118c4                lv_debug_check_null
 .text.lv_debug_log_error
                0x00000000800118d0       0xcc build/lv_debug.o
                0x00000000800118d0                lv_debug_log_error
 .text.apply_theme
                0x000000008001199c       0x64 build/lv_theme.o
 .text.lv_theme_set_act
                0x0000000080011a00       0x10 build/lv_theme.o
                0x0000000080011a00                lv_theme_set_act
 .text.lv_theme_apply
                0x0000000080011a10      0x228 build/lv_theme.o
                0x0000000080011a10                lv_theme_apply
 .text.lv_theme_get_font_normal
                0x0000000080011c38       0x14 build/lv_theme.o
                0x0000000080011c38                lv_theme_get_font_normal
 .text.lv_color_hex
                0x0000000080011c4c        0x8 build/lv_theme_material.o
 .text.lv_color_hex3
                0x0000000080011c54       0x3c build/lv_theme_material.o
 .text.theme_apply
                0x0000000080011c90      0x984 build/lv_theme_material.o
 .text.calendar_init
                0x0000000080012614      0x900 build/lv_theme_material.o
 .text.list_init
                0x0000000080012f14      0x884 build/lv_theme_material.o
 .text.tabview_win_shared_init
                0x0000000080013798      0x69c build/lv_theme_material.o
 .text.basic_init
                0x0000000080013e34     0x1528 build/lv_theme_material.o
 .text.lv_theme_material_init
                0x000000008001535c     0x28c8 build/lv_theme_material.o
                0x000000008001535c                lv_theme_material_init
 .text.mask_mix
                0x0000000080017c24       0x28 build/lv_draw_mask.o
 .text.lv_draw_mask_line
                0x0000000080017c4c      0x544 build/lv_draw_mask.o
 .text.lv_draw_mask_angle
                0x0000000080018190      0x478 build/lv_draw_mask.o
 .text._lv_memcpy_small.constprop.4
                0x0000000080018608       0x20 build/lv_draw_mask.o
 .text.lv_draw_mask_radius
                0x0000000080018628      0x6cc build/lv_draw_mask.o
 .text.lv_draw_mask_add
                0x0000000080018cf4       0x74 build/lv_draw_mask.o
                0x0000000080018cf4                lv_draw_mask_add
 .text.lv_draw_mask_apply
                0x0000000080018d68       0x7c build/lv_draw_mask.o
                0x0000000080018d68                lv_draw_mask_apply
 .text.lv_draw_mask_remove_id
                0x0000000080018de4       0x2c build/lv_draw_mask.o
                0x0000000080018de4                lv_draw_mask_remove_id
 .text.lv_draw_mask_remove_custom
                0x0000000080018e10       0x48 build/lv_draw_mask.o
                0x0000000080018e10                lv_draw_mask_remove_custom
 .text.lv_draw_mask_get_cnt
                0x0000000080018e58       0x30 build/lv_draw_mask.o
                0x0000000080018e58                lv_draw_mask_get_cnt
 .text.lv_draw_mask_line_points_init
                0x0000000080018e88      0x1ac build/lv_draw_mask.o
                0x0000000080018e88                lv_draw_mask_line_points_init
 .text.lv_draw_mask_line_angle_init
                0x0000000080019034       0x7c build/lv_draw_mask.o
                0x0000000080019034                lv_draw_mask_line_angle_init
 .text.lv_draw_mask_angle_init
                0x00000000800190b0       0xd8 build/lv_draw_mask.o
                0x00000000800190b0                lv_draw_mask_angle_init
 .text.lv_draw_mask_radius_init
                0x0000000080019188       0xa0 build/lv_draw_mask.o
                0x0000000080019188                lv_draw_mask_radius_init
 .text.lv_color_mix.isra.0
                0x0000000080019228       0x68 build/lv_draw_blend.o
 .text.color_blend_true_color_additive
                0x0000000080019290       0x94 build/lv_draw_blend.o
 .text.color_blend_true_color_subtractive
                0x0000000080019324       0xa8 build/lv_draw_blend.o
 .text._lv_blend_fill
                0x00000000800193cc      0xac4 build/lv_draw_blend.o
                0x00000000800193cc                _lv_blend_fill
 .text._lv_blend_map
                0x0000000080019e90      0x92c build/lv_draw_blend.o
                0x0000000080019e90                _lv_blend_map
 .text.shadow_blur_corner
                0x000000008001a7bc      0x248 build/lv_draw_rect.o
 .text.draw_full_border
                0x000000008001aa04      0x6dc build/lv_draw_rect.o
 .text.grad_get
                0x000000008001b0e0       0xd0 build/lv_draw_rect.o
 .text.lv_area_copy
                0x000000008001b1b0       0x1c build/lv_draw_rect.o
 .text.lv_draw_rect_dsc_init
                0x000000008001b1cc       0xb4 build/lv_draw_rect.o
                0x000000008001b1cc                lv_draw_rect_dsc_init
 .text.lv_draw_rect
                0x000000008001b280     0x2500 build/lv_draw_rect.o
                0x000000008001b280                lv_draw_rect
 .text.hex_char_to_num
                0x000000008001d780       0x4c build/lv_draw_label.o
 .text.lv_draw_label_dsc_init
                0x000000008001d7cc       0x70 build/lv_draw_label.o
                0x000000008001d7cc                lv_draw_label_dsc_init
 .text.lv_draw_label
                0x000000008001d83c     0x13e0 build/lv_draw_label.o
                0x000000008001d83c                lv_draw_label
 .text.lv_draw_line_dsc_init
                0x000000008001ec1c       0x38 build/lv_draw_line.o
                0x000000008001ec1c                lv_draw_line_dsc_init
 .text.lv_draw_line
                0x000000008001ec54      0xc08 build/lv_draw_line.o
                0x000000008001ec54                lv_draw_line
 .text.show_error
                0x000000008001f85c       0x6c build/lv_draw_img.o
 .text.lv_area_copy
                0x000000008001f8c8       0x1c build/lv_draw_img.o
 .text.lv_draw_map
                0x000000008001f8e4      0xb20 build/lv_draw_img.o
 .text.lv_draw_img_dsc_init
                0x0000000080020404       0x44 build/lv_draw_img.o
                0x0000000080020404                lv_draw_img_dsc_init
 .text.lv_img_cf_get_px_size
                0x0000000080020448       0x20 build/lv_draw_img.o
                0x0000000080020448                lv_img_cf_get_px_size
 .text.lv_img_cf_is_chroma_keyed
                0x0000000080020468       0x30 build/lv_draw_img.o
                0x0000000080020468                lv_img_cf_is_chroma_keyed
 .text.lv_img_cf_has_alpha
                0x0000000080020498       0x2c build/lv_draw_img.o
                0x0000000080020498                lv_img_cf_has_alpha
 .text.lv_draw_img
                0x00000000800204c4      0x31c build/lv_draw_img.o
                0x00000000800204c4                lv_draw_img
 .text.lv_img_src_get_type
                0x00000000800207e0       0x38 build/lv_draw_img.o
                0x00000000800207e0                lv_img_src_get_type
 .text.get_rounded_area
                0x0000000080020818       0xf0 build/lv_draw_arc.o
 .text.lv_draw_arc
                0x0000000080020908      0xc28 build/lv_draw_arc.o
                0x0000000080020908                lv_draw_arc
 .text.lv_img_decoder_built_in_close
                0x0000000080021530       0x48 build/lv_img_decoder.o
                0x0000000080021530                lv_img_decoder_built_in_close
 .text.lv_img_decoder_built_in_open
                0x0000000080021578      0x2cc build/lv_img_decoder.o
                0x0000000080021578                lv_img_decoder_built_in_open
 .text.lv_img_decoder_built_in_info
                0x0000000080021844       0xf0 build/lv_img_decoder.o
                0x0000000080021844                lv_img_decoder_built_in_info
 .text.lv_img_decoder_built_in_read_line
                0x0000000080021934      0x444 build/lv_img_decoder.o
                0x0000000080021934                lv_img_decoder_built_in_read_line
 .text.lv_img_decoder_get_info
                0x0000000080021d78       0xa8 build/lv_img_decoder.o
                0x0000000080021d78                lv_img_decoder_get_info
 .text.lv_img_decoder_open
                0x0000000080021e20       0xec build/lv_img_decoder.o
                0x0000000080021e20                lv_img_decoder_open
 .text.lv_img_decoder_read_line
                0x0000000080021f0c       0x44 build/lv_img_decoder.o
                0x0000000080021f0c                lv_img_decoder_read_line
 .text.lv_img_decoder_close
                0x0000000080021f50       0x48 build/lv_img_decoder.o
                0x0000000080021f50                lv_img_decoder_close
 .text.lv_img_decoder_create
                0x0000000080021f98       0x78 build/lv_img_decoder.o
                0x0000000080021f98                lv_img_decoder_create
 .text._lv_img_decoder_init
                0x0000000080022010       0xc4 build/lv_img_decoder.o
                0x0000000080022010                _lv_img_decoder_init
 .text._lv_img_cache_open
                0x00000000800220d4      0x244 build/lv_img_cache.o
                0x00000000800220d4                _lv_img_cache_open
 .text.lv_img_cache_invalidate_src
                0x0000000080022318       0x84 build/lv_img_cache.o
                0x0000000080022318                lv_img_cache_invalidate_src
 .text.lv_img_cache_set_size
                0x000000008002239c       0xec build/lv_img_cache.o
                0x000000008002239c                lv_img_cache_set_size
 .text._lv_memcpy_small
                0x0000000080022488       0x24 build/lv_img_buf.o
 .text.lv_color_mix.isra.0
                0x00000000800224ac       0x68 build/lv_img_buf.o
 .text.lv_img_buf_get_px_color
                0x0000000080022514      0x190 build/lv_img_buf.o
                0x0000000080022514                lv_img_buf_get_px_color
 .text.lv_img_buf_get_px_alpha
                0x00000000800226a4      0x17c build/lv_img_buf.o
                0x00000000800226a4                lv_img_buf_get_px_alpha
 .text._lv_img_buf_transform_init
                0x0000000080022820      0x194 build/lv_img_buf.o
                0x0000000080022820                _lv_img_buf_transform_init
 .text._lv_img_buf_get_transformed_area
                0x00000000800229b4      0x2bc build/lv_img_buf.o
                0x00000000800229b4                _lv_img_buf_get_transformed_area
 .text._lv_img_buf_transform_anti_alias
                0x0000000080022c70      0x4d0 build/lv_img_buf.o
                0x0000000080022c70                _lv_img_buf_transform_anti_alias
 .text.pwm_set_period
                0x0000000080023140       0x28 build/f1c100s_pwm.o
                0x0000000080023140                pwm_set_period
 .text.pwm_set_pulse_len
                0x0000000080023168       0x28 build/f1c100s_pwm.o
                0x0000000080023168                pwm_set_pulse_len
 .text.pwm_enable
                0x0000000080023190       0x34 build/f1c100s_pwm.o
                0x0000000080023190                pwm_enable
 .text.pwm_disable
                0x00000000800231c4       0x34 build/f1c100s_pwm.o
                0x00000000800231c4                pwm_disable
 .text.pwm_init
                0x00000000800231f8       0x48 build/f1c100s_pwm.o
                0x00000000800231f8                pwm_init
 .text.tim_init
                0x0000000080023240       0x24 build/f1c100s_timer.o
                0x0000000080023240                tim_init
 .text.tim_set_period
                0x0000000080023264       0x14 build/f1c100s_timer.o
                0x0000000080023264                tim_set_period
 .text.tim_start
                0x0000000080023278       0x20 build/f1c100s_timer.o
                0x0000000080023278                tim_start
 .text.tim_int_enable
                0x0000000080023298       0x1c build/f1c100s_timer.o
                0x0000000080023298                tim_int_enable
 .text.tim_clear_irq
                0x00000000800232b4       0x18 build/f1c100s_timer.o
                0x00000000800232b4                tim_clear_irq
 .text.defe_clk_enable
                0x00000000800232cc       0x2c build/f1c100s_de.o
 .text.debe_clk_enable
                0x00000000800232f8       0x2c build/f1c100s_de.o
 .text.tcon_clk_enable
                0x0000000080023324       0x20 build/f1c100s_de.o
 .text.debe_update_linewidth.part.0
                0x0000000080023344       0x34 build/f1c100s_de.o
 .text.debe_set_bg_color
                0x0000000080023378       0x10 build/f1c100s_de.o
                0x0000000080023378                debe_set_bg_color
 .text.debe_layer_enable
                0x0000000080023388       0x20 build/f1c100s_de.o
                0x0000000080023388                debe_layer_enable
 .text.debe_layer_init
                0x00000000800233a8       0x54 build/f1c100s_de.o
                0x00000000800233a8                debe_layer_init
 .text.debe_layer_set_mode
                0x00000000800233fc       0xa8 build/f1c100s_de.o
                0x00000000800233fc                debe_layer_set_mode
 .text.debe_init
                0x00000000800234a4       0x90 build/f1c100s_de.o
 .text.debe_layer_set_addr
                0x0000000080023534       0x20 build/f1c100s_de.o
                0x0000000080023534                debe_layer_set_addr
 .text.de_enable
                0x0000000080023554       0x68 build/f1c100s_de.o
                0x0000000080023554                de_enable
 .text.de_lcd_init
                0x00000000800235bc      0x250 build/f1c100s_de.o
                0x00000000800235bc                de_lcd_init
 .text.debe_load
                0x000000008002380c       0x10 build/f1c100s_de.o
                0x000000008002380c                debe_load
 .text.tve_enable
                0x000000008002381c       0x24 build/f1c100s_tve.o
                0x000000008002381c                tve_enable
 .text.clk_pll_enable
                0x0000000080023840       0x18 build/f1c100s_clock.o
                0x0000000080023840                clk_pll_enable
 .text.clk_pll_is_locked
                0x0000000080023858       0x18 build/f1c100s_clock.o
                0x0000000080023858                clk_pll_is_locked
 .text.clk_pll_init
                0x0000000080023870      0x20c build/f1c100s_clock.o
                0x0000000080023870                clk_pll_init
 .text.clk_pll_get_freq
                0x0000000080023a7c      0x138 build/f1c100s_clock.o
                0x0000000080023a7c                clk_pll_get_freq
 .text.clk_cpu_config
                0x0000000080023bb4       0x1c build/f1c100s_clock.o
                0x0000000080023bb4                clk_cpu_config
 .text.clk_cpu_get_freq
                0x0000000080023bd0       0x4c build/f1c100s_clock.o
                0x0000000080023bd0                clk_cpu_get_freq
 .text.clk_hclk_config
                0x0000000080023c1c       0x28 build/f1c100s_clock.o
                0x0000000080023c1c                clk_hclk_config
 .text.clk_ahb_config
                0x0000000080023c44       0x88 build/f1c100s_clock.o
                0x0000000080023c44                clk_ahb_config
 .text.clk_ahb_get_freq
                0x0000000080023ccc       0x88 build/f1c100s_clock.o
                0x0000000080023ccc                clk_ahb_get_freq
 .text.clk_apb_config
                0x0000000080023d54       0x1c build/f1c100s_clock.o
                0x0000000080023d54                clk_apb_config
 .text.clk_apb_get_freq
                0x0000000080023d70       0x4c build/f1c100s_clock.o
                0x0000000080023d70                clk_apb_get_freq
 .text.clk_de_config
                0x0000000080023dbc       0x34 build/f1c100s_clock.o
                0x0000000080023dbc                clk_de_config
 .text.clk_tcon_config
                0x0000000080023df0       0x1c build/f1c100s_clock.o
                0x0000000080023df0                clk_tcon_config
 .text.clk_reset_set
                0x0000000080023e0c       0x1c build/f1c100s_clock.o
                0x0000000080023e0c                clk_reset_set
 .text.clk_reset_clear
                0x0000000080023e28       0x1c build/f1c100s_clock.o
                0x0000000080023e28                clk_reset_clear
 .text.clk_enable
                0x0000000080023e44        0x4 build/f1c100s_clock.o
                0x0000000080023e44                clk_enable
 .text.gpio_pin_init
                0x0000000080023e48       0x78 build/f1c100s_gpio.o
                0x0000000080023e48                gpio_pin_init
 .text.gpio_init
                0x0000000080023ec0       0x54 build/f1c100s_gpio.o
                0x0000000080023ec0                gpio_init
 .text.intc_enable_irq
                0x0000000080023f14       0x30 build/f1c100s_intc.o
                0x0000000080023f14                intc_enable_irq
 .text.intc_disable_irq
                0x0000000080023f44       0x30 build/f1c100s_intc.o
                0x0000000080023f44                intc_disable_irq
 .text.intc_set_irq_handler
                0x0000000080023f74       0x10 build/f1c100s_intc.o
                0x0000000080023f74                intc_set_irq_handler
 .text.intc_init
                0x0000000080023f84       0x34 build/f1c100s_intc.o
                0x0000000080023f84                intc_init
 .text.irq_handler_global
                0x0000000080023fb8       0x30 build/f1c100s_intc.o
                0x0000000080023fb8                irq_handler_global
 .text.uart_set_baudrate
                0x0000000080023fe8       0x4c build/f1c100s_uart.o
                0x0000000080023fe8                uart_set_baudrate
 .text.uart_init
                0x0000000080024034       0x34 build/f1c100s_uart.o
                0x0000000080024034                uart_init
 .text.uart_tx  0x0000000080024068        0x8 build/f1c100s_uart.o
                0x0000000080024068                uart_tx
 .text.uart_get_rx
                0x0000000080024070        0xc build/f1c100s_uart.o
                0x0000000080024070                uart_get_rx
 .text.uart_enable_interrupt
                0x000000008002407c       0x14 build/f1c100s_uart.o
                0x000000008002407c                uart_enable_interrupt
 .text.uart_get_status
                0x0000000080024090        0xc build/f1c100s_uart.o
                0x0000000080024090                uart_get_status
 .text._close   0x000000008002409c        0x8 build/syscalls.o
                0x000000008002409c                _close
 .text._fstat   0x00000000800240a4        0x8 build/syscalls.o
                0x00000000800240a4                _fstat
 .text._isatty  0x00000000800240ac        0x8 build/syscalls.o
                0x00000000800240ac                _isatty
 .text._lseek   0x00000000800240b4        0x8 build/syscalls.o
                0x00000000800240b4                _lseek
 .text._sbrk_r  0x00000000800240bc       0x88 build/syscalls.o
                0x00000000800240bc                _sbrk_r
 .text._read    0x0000000080024144        0x8 build/syscalls.o
                0x0000000080024144                _read
 .text._write   0x000000008002414c       0x44 build/syscalls.o
                0x000000008002414c                _write
 .text          0x0000000080024190       0x64 build/cache-v5.o
                0x0000000080024190                v5_cache_inv_range
                0x00000000800241bc                v5_cache_clean_range
                0x00000000800241d8                v5_cache_flush_range
 .text          0x00000000800241f4      0x114 /usr/lib/gcc/arm-none-eabi/6.3.1/libgcc.a(_udivsi3.o)
                0x00000000800241f4                __udivsi3
                0x00000000800241f4                __aeabi_uidiv
                0x00000000800242e8                __aeabi_uidivmod
 .text          0x0000000080024308      0x148 /usr/lib/gcc/arm-none-eabi/6.3.1/libgcc.a(_divsi3.o)
                0x0000000080024308                __aeabi_idiv
                0x0000000080024308                __divsi3
                0x0000000080024430                __aeabi_idivmod
 .text          0x0000000080024450        0x4 /usr/lib/gcc/arm-none-eabi/6.3.1/libgcc.a(_dvmd_tls.o)
                0x0000000080024450                __aeabi_ldiv0
                0x0000000080024450                __aeabi_idiv0
 .text          0x0000000080024454       0x3c /usr/lib/gcc/arm-none-eabi/6.3.1/libgcc.a(_aeabi_uldivmod.o)
                0x0000000080024454                __aeabi_uldivmod
 .text          0x0000000080024490      0x12c /usr/lib/gcc/arm-none-eabi/6.3.1/libgcc.a(_udivmoddi4.o)
                0x0000000080024490                __udivmoddi4
 .text          0x00000000800245bc       0x28 /usr/lib/gcc/arm-none-eabi/6.3.1/libgcc.a(_clzdi2.o)
                0x00000000800245bc                __clzdi2
 .text          0x00000000800245e4       0x48 /usr/lib/gcc/arm-none-eabi/6.3.1/libgcc.a(_clzsi2.o)
                0x00000000800245e4                __clzsi2
 .text          0x000000008002462c       0xf0 /usr/lib/gcc/arm-none-eabi/6.3.1/../../../arm-none-eabi/lib/libc_nano.a(lib_a-memcmp.o)
                0x000000008002462c                memcmp
 .text          0x000000008002471c      0x114 /usr/lib/gcc/arm-none-eabi/6.3.1/../../../arm-none-eabi/lib/libc_nano.a(lib_a-memcpy-stub.o)
                0x000000008002471c                memcpy
 .text          0x0000000080024830      0x114 /usr/lib/gcc/arm-none-eabi/6.3.1/../../../arm-none-eabi/lib/libc_nano.a(lib_a-memset.o)
                0x0000000080024830                memset
 .text          0x0000000080024944       0xa8 /usr/lib/gcc/arm-none-eabi/6.3.1/../../../arm-none-eabi/lib/libc_nano.a(lib_a-printf.o)
                0x0000000080024944                _printf_r
                0x0000000080024944                _iprintf_r
                0x0000000080024990                printf
                0x0000000080024990                iprintf
 .text          0x00000000800249ec      0x100 /usr/lib/gcc/arm-none-eabi/6.3.1/../../../arm-none-eabi/lib/libc_nano.a(lib_a-sscanf.o)
                0x00000000800249ec                sscanf
                0x00000000800249ec                siscanf
                0x0000000080024a6c                _siscanf_r
                0x0000000080024a6c                _sscanf_r
 .text          0x0000000080024aec       0xd8 /usr/lib/gcc/arm-none-eabi/6.3.1/../../../arm-none-eabi/lib/libc_nano.a(lib_a-stdio.o)
                0x0000000080024aec                __sread
                0x0000000080024b20                __seofread
                0x0000000080024b28                __swrite
                0x0000000080024b80                __sseek
                0x0000000080024bb0                __sclose
 .text          0x0000000080024bc4      0x224 /usr/lib/gcc/arm-none-eabi/6.3.1/../../../arm-none-eabi/lib/libc_nano.a(lib_a-strcmp.o)
                0x0000000080024bc4                strcmp
 .text          0x0000000080024de8       0xf0 /usr/lib/gcc/arm-none-eabi/6.3.1/../../../arm-none-eabi/lib/libc_nano.a(lib_a-strcpy.o)
                0x0000000080024de8                strcpy
 .text          0x0000000080024ed8       0x60 /usr/lib/gcc/arm-none-eabi/6.3.1/../../../arm-none-eabi/lib/libc_nano.a(lib_a-strlen-stub.o)
                0x0000000080024ed8                strlen
 .text          0x0000000080024f38       0x48 /usr/lib/gcc/arm-none-eabi/6.3.1/../../../arm-none-eabi/lib/libc_nano.a(lib_a-writer.o)
                0x0000000080024f38                _write_r
 .text          0x0000000080024f80       0x3c /usr/lib/gcc/arm-none-eabi/6.3.1/../../../arm-none-eabi/lib/libc_nano.a(lib_a-closer.o)
                0x0000000080024f80                _close_r
 .text          0x0000000080024fbc      0x394 /usr/lib/gcc/arm-none-eabi/6.3.1/../../../arm-none-eabi/lib/libc_nano.a(lib_a-findfp.o)
                0x0000000080024fc4                _cleanup_r
                0x0000000080024fe4                __sfmoreglue
                0x0000000080025034                __sfp
                0x00000000800252c4                _cleanup
                0x00000000800252e8                __sinit
                0x00000000800252f8                __sfp_lock_acquire
                0x00000000800252fc                __sfp_lock_release
                0x0000000080025300                __sinit_lock_acquire
                0x0000000080025304                __sinit_lock_release
                0x0000000080025308                __fp_lock_all
                0x000000008002532c                __fp_unlock_all
 .text          0x0000000080025350      0x110 /usr/lib/gcc/arm-none-eabi/6.3.1/../../../arm-none-eabi/lib/libc_nano.a(lib_a-fwalk.o)
                0x0000000080025350                _fwalk
                0x00000000800253d4                _fwalk_reent
 .text          0x0000000080025460       0x48 /usr/lib/gcc/arm-none-eabi/6.3.1/../../../arm-none-eabi/lib/libc_nano.a(lib_a-lseekr.o)
                0x0000000080025460                _lseek_r
 .text          0x00000000800254a8       0xfc /usr/lib/gcc/arm-none-eabi/6.3.1/../../../arm-none-eabi/lib/libc_nano.a(lib_a-nano-freer.o)
                0x00000000800254a8                _free_r
 .text          0x00000000800255a4      0x14c /usr/lib/gcc/arm-none-eabi/6.3.1/../../../arm-none-eabi/lib/libc_nano.a(lib_a-nano-mallocr.o)
                0x00000000800255a4                _malloc_r
 .text          0x00000000800256f0      0x77c /usr/lib/gcc/arm-none-eabi/6.3.1/../../../arm-none-eabi/lib/libc_nano.a(lib_a-nano-svfscanf.o)
                0x00000000800256f0                _sungetc_r
                0x00000000800257e0                __ssrefill_r
                0x000000008002584c                __ssvfscanf_r
                0x000000008002584c                __ssvfiscanf_r
 .text          0x0000000080025e6c      0x490 /usr/lib/gcc/arm-none-eabi/6.3.1/../../../arm-none-eabi/lib/libc_nano.a(lib_a-nano-vfprintf.o)
                0x0000000080025ec8                __sfputs_r
                0x0000000080025f1c                __sprint_r
                0x0000000080025f50                _vfiprintf_r
                0x0000000080025f50                _vfprintf_r
                0x00000000800262e0                vfiprintf
                0x00000000800262e0                vfprintf
 .text          0x00000000800262fc      0x604 /usr/lib/gcc/arm-none-eabi/6.3.1/../../../arm-none-eabi/lib/libc_nano.a(lib_a-nano-vfprintf_i.o)
                0x00000000800262fc                _printf_common
                0x00000000800264d8                _printf_i
 .text          0x0000000080026900      0x4c8 /usr/lib/gcc/arm-none-eabi/6.3.1/../../../arm-none-eabi/lib/libc_nano.a(lib_a-nano-vfscanf_i.o)
                0x0000000080026900                _scanf_chars
                0x0000000080026a64                _scanf_i
 .text          0x0000000080026dc8       0x48 /usr/lib/gcc/arm-none-eabi/6.3.1/../../../arm-none-eabi/lib/libc_nano.a(lib_a-readr.o)
                0x0000000080026dc8                _read_r
 .text          0x0000000080026e10       0xd0 /usr/lib/gcc/arm-none-eabi/6.3.1/../../../arm-none-eabi/lib/libc_nano.a(lib_a-sccl.o)
                0x0000000080026e10                __sccl
 .text          0x0000000080026ee0      0x254 /usr/lib/gcc/arm-none-eabi/6.3.1/../../../arm-none-eabi/lib/libc_nano.a(lib_a-strtol.o)
                0x0000000080026ee0                _strtol_r
                0x0000000080027118                strtol
 .text          0x0000000080027134      0x208 /usr/lib/gcc/arm-none-eabi/6.3.1/../../../arm-none-eabi/lib/libc_nano.a(lib_a-strtoul.o)
                0x0000000080027134                _strtoul_r
                0x0000000080027320                strtoul
 .text          0x000000008002733c      0x268 /usr/lib/gcc/arm-none-eabi/6.3.1/../../../arm-none-eabi/lib/libc_nano.a(lib_a-ungetc.o)
                0x000000008002733c                __submore
                0x00000000800273ec                _ungetc_r
                0x000000008002758c                ungetc
 .text          0x00000000800275a4      0x160 /usr/lib/gcc/arm-none-eabi/6.3.1/../../../arm-none-eabi/lib/libc_nano.a(lib_a-wbuf.o)
                0x00000000800275a4                __swbuf_r
                0x00000000800276ec                __swbuf
 .text          0x0000000080027704      0x19c /usr/lib/gcc/arm-none-eabi/6.3.1/../../../arm-none-eabi/lib/libc_nano.a(lib_a-wsetup.o)
                0x0000000080027704                __swsetup_r
 .text          0x00000000800278a0      0x2ec /usr/lib/gcc/arm-none-eabi/6.3.1/../../../arm-none-eabi/lib/libc_nano.a(lib_a-fflush.o)
                0x00000000800278a0                __sflush_r
                0x0000000080027aac                _fflush_r
                0x0000000080027b54                fflush
 .text          0x0000000080027b8c      0x4dc /usr/lib/gcc/arm-none-eabi/6.3.1/../../../arm-none-eabi/lib/libc_nano.a(lib_a-fvwrite.o)
                0x0000000080027b8c                __sfvwrite_r
 .text          0x0000000080028068      0x180 /usr/lib/gcc/arm-none-eabi/6.3.1/../../../arm-none-eabi/lib/libc_nano.a(lib_a-makebuf.o)
                0x0000000080028068                __swhatbuf_r
                0x00000000800280fc                __smakebuf_r
 .text          0x00000000800281e8      0x110 /usr/lib/gcc/arm-none-eabi/6.3.1/../../../arm-none-eabi/lib/libc_nano.a(lib_a-memchr-stub.o)
                0x00000000800281e8                memchr
 .text          0x00000000800282f8      0x148 /usr/lib/gcc/arm-none-eabi/6.3.1/../../../arm-none-eabi/lib/libc_nano.a(lib_a-memmove.o)
                0x00000000800282f8                memmove
 .text          0x0000000080028440       0x90 /usr/lib/gcc/arm-none-eabi/6.3.1/../../../arm-none-eabi/lib/libc_nano.a(lib_a-nano-reallocr.o)
                0x0000000080028440                _realloc_r
 .text          0x00000000800284d0       0x44 /usr/lib/gcc/arm-none-eabi/6.3.1/../../../arm-none-eabi/lib/libc_nano.a(lib_a-fstatr.o)
                0x00000000800284d0                _fstat_r
 .text          0x0000000080028514       0x3c /usr/lib/gcc/arm-none-eabi/6.3.1/../../../arm-none-eabi/lib/libc_nano.a(lib_a-isattyr.o)
                0x0000000080028514                _isatty_r
 .text          0x0000000080028550       0x18 /usr/lib/gcc/arm-none-eabi/6.3.1/../../../arm-none-eabi/lib/libc_nano.a(lib_a-nano-msizer.o)
                0x0000000080028550                _malloc_usable_size_r
                [!provide]                        PROVIDE (__text_end, .)

.glue_7         0x0000000080028568        0x0
 .glue_7        0x0000000080028568        0x0 linker stubs

.glue_7t        0x0000000080028568        0x0
 .glue_7t       0x0000000080028568        0x0 linker stubs

.vfp11_veneer   0x0000000080028568        0x0
 .vfp11_veneer  0x0000000080028568        0x0 linker stubs

.v4_bx          0x0000000080028568        0x0
 .v4_bx         0x0000000080028568        0x0 linker stubs

.iplt           0x0000000080028568        0x0
 .iplt          0x0000000080028568        0x0 build/system.o

.rodata         0x0000000080028568     0x88cb
                [!provide]                        PROVIDE (__rodata_start, .)
 *(SORT(.rodata*))
 .rodata        0x0000000080028568       0x60 /usr/lib/gcc/arm-none-eabi/6.3.1/../../../arm-none-eabi/lib/libc_nano.a(lib_a-findfp.o)
                0x0000000080028568                __sf_fake_stderr
                0x0000000080028588                __sf_fake_stdout
                0x00000000800285a8                __sf_fake_stdin
 .rodata        0x00000000800285c8        0x4 /usr/lib/gcc/arm-none-eabi/6.3.1/../../../arm-none-eabi/lib/libc_nano.a(lib_a-impure.o)
                0x00000000800285c8                _global_impure_ptr
 .rodata        0x00000000800285cc        0xc /usr/lib/gcc/arm-none-eabi/6.3.1/../../../arm-none-eabi/lib/libc_nano.a(lib_a-nano-vfscanf_i.o)
 .rodata        0x00000000800285d8      0x101 /usr/lib/gcc/arm-none-eabi/6.3.1/../../../arm-none-eabi/lib/libc_nano.a(lib_a-ctype_.o)
                0x00000000800285d8                _ctype_
 *fill*         0x00000000800286d9        0x3 
 .rodata.cmaps  0x00000000800286dc       0x3c build/lv_font_simsun_12.o
 .rodata.cmaps  0x0000000080028718       0x3c build/lv_font_arial_12.o
 .rodata.cmaps  0x0000000080028754       0x28 build/lv_font_montserrat_14.o
 .rodata.glyph_dsc
                0x000000008002877c      0x4b8 build/lv_font_simsun_12.o
 .rodata.glyph_dsc
                0x0000000080028c34      0x4c0 build/lv_font_arial_12.o
 .rodata.glyph_dsc
                0x00000000800290f4      0x4d8 build/lv_font_montserrat_14.o
 .rodata.kern_classes
                0x00000000800295cc       0x10 build/lv_font_montserrat_14.o
 .rodata.lv_anim_path_def
                0x00000000800295dc        0x8 build/lv_anim.o
                0x00000000800295dc                lv_anim_path_def
 .rodata.lvl_prefix.11993
                0x00000000800295e4       0x14 build/main.o
 .rodata.str1.4
                0x00000000800295f8        0x2 /usr/lib/gcc/arm-none-eabi/6.3.1/../../../arm-none-eabi/lib/libc_nano.a(lib_a-impure.o)
 *fill*         0x00000000800295fa        0x2 
 .rodata.str1.4
                0x00000000800295fc        0x4 /usr/lib/gcc/arm-none-eabi/6.3.1/../../../arm-none-eabi/lib/libc_nano.a(lib_a-nano-svfscanf.o)
 .rodata.str1.4
                0x0000000080029600        0xf /usr/lib/gcc/arm-none-eabi/6.3.1/../../../arm-none-eabi/lib/libc_nano.a(lib_a-nano-vfprintf.o)
                                         0x13 (size before relaxing)
 *fill*         0x000000008002960f        0x1 
 .rodata.str1.4
                0x0000000080029610       0x25 /usr/lib/gcc/arm-none-eabi/6.3.1/../../../arm-none-eabi/lib/libc_nano.a(lib_a-nano-vfprintf_i.o)
 *fill*         0x0000000080029635        0x3 
 .rodata.str1.4
                0x0000000080029638       0x20 /usr/lib/gcc/arm-none-eabi/6.3.1/../../../arm-none-eabi/lib/libc_nano.a(lib_a-nano-vfscanf_i.o)
                                         0x1f (size before relaxing)
 .rodata.sin0_90_table
                0x0000000080029658       0xb6 build/lv_math.o
 .rodata.unicode_list_1
                0x000000008002970e       0x76 build/lv_font_montserrat_14.o
 .rodata.unicode_list_2
                0x0000000080029784       0x72 build/lv_font_simsun_12.o
 .rodata.unicode_list_2
                0x00000000800297f6       0x72 build/lv_font_arial_12.o
 .rodata        0x0000000080029868       0x10 build/lv_img_decoder.o
 .rodata        0x0000000080029878       0x10 build/lv_img_buf.o
 .rodata.CSWTCH.33
                0x0000000080029888        0xb build/lv_draw_img.o
 .rodata.CSWTCH.44
                0x0000000080029893        0x6 build/lv_draw_label.o
 .rodata.__func__.4160
                0x0000000080029899       0x13 build/lv_debug.o
 .rodata.__func__.5457
                0x00000000800298ac        0xe build/lv_anim.o
 .rodata.__func__.5469
                0x00000000800298ba       0x13 build/lv_img_cache.o
 .rodata.__func__.5473
                0x00000000800298cd        0xd build/lv_mem.o
 .rodata.__func__.5481
                0x00000000800298da        0xf build/lv_task.o
 .rodata.__func__.5483
                0x00000000800298e9       0x15 build/lv_img_decoder.o
 .rodata.__func__.5488
                0x00000000800298fe       0x11 build/lv_draw_mask.o
 .rodata.__func__.5488
                0x000000008002990f       0x16 build/lv_img_cache.o
 .rodata.__func__.5491
                0x0000000080029925        0xf build/lv_mem.o
 .rodata.__func__.5521
                0x0000000080029934       0x16 build/lv_img_decoder.o
 .rodata.__func__.5535
                0x000000008002994a       0x10 build/lv_mem.o
 .rodata.__func__.5549
                0x000000008002995a       0x1d build/lv_img_decoder.o
 .rodata.__func__.5551
                0x0000000080029977       0x14 build/lv_mem.o
 .rodata.__func__.5554
                0x000000008002998b       0x1d build/lv_img_decoder.o
 .rodata.__func__.5575
                0x00000000800299a8       0x1b build/lv_font_fmt_txt.o
 .rodata.__func__.5576
                0x00000000800299c3       0x22 build/lv_img_decoder.o
 .rodata.__func__.5589
                0x00000000800299e5       0x28 build/lv_img_decoder.o
 .rodata.__func__.5595
                0x0000000080029a0d       0x11 build/lv_txt.o
 .rodata.__func__.5618
                0x0000000080029a1e       0x23 build/lv_img_decoder.o
 .rodata.__func__.5643
                0x0000000080029a41       0x25 build/lv_img_decoder.o
 .rodata.__func__.5691
                0x0000000080029a66       0x16 build/lv_txt.o
 .rodata.__func__.7927
                0x0000000080029a7c        0xc build/lv_draw_img.o
 .rodata.__func__.7929
                0x0000000080029a88       0x19 build/lv_style.o
 .rodata.__func__.7946
                0x0000000080029aa1       0x1c build/lv_style.o
 .rodata.__func__.7961
                0x0000000080029abd       0x14 build/lv_disp.o
 .rodata.__func__.7965
                0x0000000080029ad1       0x15 build/lv_disp.o
 .rodata.__func__.7973
                0x0000000080029ae6       0x16 build/lv_disp.o
 .rodata.__func__.7977
                0x0000000080029afc       0x16 build/lv_disp.o
 .rodata.__func__.7981
                0x0000000080029b12       0x12 build/lv_style.o
 .rodata.__func__.7991
                0x0000000080029b24       0x11 build/lv_draw_img.o
 .rodata.__func__.7995
                0x0000000080029b35       0x14 build/lv_style.o
 .rodata.__func__.7997
                0x0000000080029b49        0xf build/lv_draw_label.o
 .rodata.__func__.8009
                0x0000000080029b58       0x12 build/lv_style.o
 .rodata.__func__.8023
                0x0000000080029b6a       0x12 build/lv_style.o
 .rodata.__func__.8024
                0x0000000080029b7c       0x13 build/lv_draw_label.o
 .rodata.__func__.8068
                0x0000000080029b8f       0x15 build/lv_hal_disp.o
 .rodata.__func__.8071
                0x0000000080029ba4       0x1f build/lv_style.o
 .rodata.__func__.8080
                0x0000000080029bc3       0x12 build/lv_draw_label.o
 .rodata.__func__.8091
                0x0000000080029bd5        0xd build/lv_draw_blend.o
 .rodata.__func__.8153
                0x0000000080029be2       0x11 build/lv_group.o
 .rodata.__func__.8174
                0x0000000080029bf3       0x14 build/lv_linemeter.o
 .rodata.__func__.8182
                0x0000000080029c07       0x16 build/lv_style.o
 .rodata.__func__.8183
                0x0000000080029c1d       0x17 build/lv_linemeter.o
 .rodata.__func__.8194
                0x0000000080029c34       0x17 build/lv_linemeter.o
 .rodata.__func__.8202
                0x0000000080029c4b       0x17 build/lv_linemeter.o
 .rodata.__func__.8219
                0x0000000080029c62        0xc build/lv_draw_blend.o
 .rodata.__func__.8222
                0x0000000080029c6e       0x13 build/lv_refr.o
 .rodata.__func__.8224
                0x0000000080029c81       0x1b build/lv_linemeter.o
 .rodata.__func__.8230
                0x0000000080029c9c       0x1b build/lv_linemeter.o
 .rodata.__func__.8241
                0x0000000080029cb7       0x10 build/lv_label.o
 .rodata.__func__.8242
                0x0000000080029cc7       0x1d build/lv_linemeter.o
 .rodata.__func__.8244
                0x0000000080029ce4        0xd build/lv_draw_rect.o
 .rodata.__func__.8252
                0x0000000080029cf1       0x12 build/lv_label.o
 .rodata.__func__.8263
                0x0000000080029d03       0x16 build/lv_label.o
 .rodata.__func__.8272
                0x0000000080029d19       0x19 build/lv_label.o
 .rodata.__func__.8279
                0x0000000080029d32       0x17 build/lv_label.o
 .rodata.__func__.8286
                0x0000000080029d49       0x13 build/lv_label.o
 .rodata.__func__.8291
                0x0000000080029d5c        0xd build/lv_refr.o
 .rodata.__func__.8293
                0x0000000080029d69       0x15 build/lv_label.o
 .rodata.__func__.8311
                0x0000000080029d7e       0x12 build/lv_refr.o
 .rodata.__func__.8318
                0x0000000080029d90       0x12 build/lv_label.o
 .rodata.__func__.8324
                0x0000000080029da2       0x17 build/lv_label.o
 .rodata.__func__.8330
                0x0000000080029db9       0x13 build/lv_label.o
 .rodata.__func__.8337
                0x0000000080029dcc       0x15 build/lv_label.o
 .rodata.__func__.8384
                0x0000000080029de1       0x17 build/lv_label.o
 .rodata.__func__.8416
                0x0000000080029df8        0x8 build/lv_obj.o
 .rodata.__func__.8423
                0x0000000080029e00       0x1c build/lv_label.o
 .rodata.__func__.8428
                0x0000000080029e1c       0x1a build/lv_label.o
 .rodata.__func__.8430
                0x0000000080029e36        0xe build/lv_obj.o
 .rodata.__func__.8437
                0x0000000080029e44        0xb build/lv_obj.o
 .rodata.__func__.8463
                0x0000000080029e4f       0x17 build/lv_obj.o
 .rodata.__func__.8470
                0x0000000080029e66       0x12 build/lv_obj.o
 .rodata.__func__.8508
                0x0000000080029e78       0x17 build/lv_obj.o
 .rodata.__func__.8522
                0x0000000080029e8f        0xf build/lv_obj.o
 .rodata.__func__.8531
                0x0000000080029e9e        0xd build/lv_obj.o
 .rodata.__func__.8537
                0x0000000080029eab        0xd build/lv_obj.o
 .rodata.__func__.8544
                0x0000000080029eb8       0x10 build/lv_obj.o
 .rodata.__func__.8562
                0x0000000080029ec8       0x12 build/lv_obj.o
 .rodata.__func__.8595
                0x0000000080029eda        0xd build/lv_obj.o
 .rodata.__func__.8599
                0x0000000080029ee7       0x15 build/lv_label.o
 .rodata.__func__.8623
                0x0000000080029efc       0x11 build/lv_obj.o
 .rodata.__func__.8647
                0x0000000080029f0d        0xf build/lv_obj.o
 .rodata.__func__.8670
                0x0000000080029f1c       0x11 build/lv_obj.o
 .rodata.__func__.8683
                0x0000000080029f2d       0x18 build/lv_obj.o
 .rodata.__func__.8729
                0x0000000080029f45       0x15 build/lv_obj.o
 .rodata.__func__.8817
                0x0000000080029f5a       0x11 build/lv_obj.o
 .rodata.__func__.8884
                0x0000000080029f6b       0x11 build/lv_obj.o
 .rodata.__func__.8915
                0x0000000080029f7c       0x11 build/lv_obj.o
 .rodata.__func__.8922
                0x0000000080029f8d       0x13 build/lv_obj.o
 .rodata.__func__.8944
                0x0000000080029fa0        0xe build/lv_obj.o
 .rodata.__func__.8972
                0x0000000080029fae       0x13 build/lv_obj.o
 .rodata.__func__.8985
                0x0000000080029fc1       0x15 build/lv_obj.o
 .rodata.__func__.8997
                0x0000000080029fd6       0x15 build/lv_obj.o
 .rodata.__func__.9003
                0x0000000080029feb       0x19 build/lv_obj.o
 .rodata.__func__.9009
                0x000000008002a004       0x1c build/lv_obj.o
 .rodata.__func__.9014
                0x000000008002a020       0x12 build/lv_obj.o
 .rodata.__func__.9023
                0x000000008002a032       0x10 build/lv_obj.o
 .rodata.__func__.9037
                0x000000008002a042       0x12 build/lv_obj.o
 .rodata.__func__.9043
                0x000000008002a054       0x11 build/lv_obj.o
 .rodata.__func__.9077
                0x000000008002a065       0x12 build/lv_obj.o
 .rodata.__func__.9090
                0x000000008002a077        0xd build/lv_obj.o
 .rodata.__func__.9097
                0x000000008002a084        0xd build/lv_obj.o
 .rodata.__func__.9104
                0x000000008002a091       0x11 build/lv_obj.o
 .rodata.__func__.9109
                0x000000008002a0a2       0x12 build/lv_obj.o
 .rodata.__func__.9184
                0x000000008002a0b4       0x10 build/lv_gauge.o
 .rodata.__func__.9198
                0x000000008002a0c4       0x1a build/lv_gauge.o
 .rodata.__func__.9212
                0x000000008002a0de       0x13 build/lv_gauge.o
 .rodata.__func__.9235
                0x000000008002a0f1       0x13 build/lv_gauge.o
 .rodata.__func__.9311
                0x000000008002a104       0x13 build/lv_gauge.o
 .rodata.__func__.9315
                0x000000008002a117       0x12 build/lv_obj.o
 .rodata.__func__.9364
                0x000000008002a129       0x14 build/lv_obj.o
 .rodata.__func__.9375
                0x000000008002a13d       0x14 build/lv_obj.o
 .rodata.__func__.9381
                0x000000008002a151       0x11 build/lv_obj.o
 .rodata.__func__.9387